Archive member included to satisfy reference by file (symbol)

C:/Users/paola/.pico-sdk/toolchain/13_3_Rel1/bin/../lib/gcc/arm-none-eabi/13.3.1/thumb/v6-m/nofp\libgcc.a(_dvmd_tls.o)
                              CMakeFiles/interrupcoes.dir/C_/Users/paola/.pico-sdk/sdk/2.1.0/src/rp2_common/pico_divider/divider_hardware.S.obj (__aeabi_idiv0)
C:/Users/paola/.pico-sdk/toolchain/13_3_Rel1/bin/../lib/gcc/arm-none-eabi/13.3.1/thumb/v6-m/nofp\libg.a(libc_a-calloc.o)
                              CMakeFiles/interrupcoes.dir/C_/Users/paola/.pico-sdk/sdk/2.1.0/src/rp2_common/pico_malloc/malloc.c.obj (calloc)
C:/Users/paola/.pico-sdk/toolchain/13_3_Rel1/bin/../lib/gcc/arm-none-eabi/13.3.1/thumb/v6-m/nofp\libg.a(libc_a-callocr.o)
                              C:/Users/paola/.pico-sdk/toolchain/13_3_Rel1/bin/../lib/gcc/arm-none-eabi/13.3.1/thumb/v6-m/nofp\libg.a(libc_a-calloc.o) (_calloc_r)
C:/Users/paola/.pico-sdk/toolchain/13_3_Rel1/bin/../lib/gcc/arm-none-eabi/13.3.1/thumb/v6-m/nofp\libg.a(libc_a-malloc.o)
                              CMakeFiles/interrupcoes.dir/C_/Users/paola/.pico-sdk/sdk/2.1.0/src/rp2_common/pico_malloc/malloc.c.obj (malloc)
C:/Users/paola/.pico-sdk/toolchain/13_3_Rel1/bin/../lib/gcc/arm-none-eabi/13.3.1/thumb/v6-m/nofp\libg.a(libc_a-mallocr.o)
                              C:/Users/paola/.pico-sdk/toolchain/13_3_Rel1/bin/../lib/gcc/arm-none-eabi/13.3.1/thumb/v6-m/nofp\libg.a(libc_a-callocr.o) (_malloc_r)
C:/Users/paola/.pico-sdk/toolchain/13_3_Rel1/bin/../lib/gcc/arm-none-eabi/13.3.1/thumb/v6-m/nofp\libg.a(libc_a-mlock.o)
                              C:/Users/paola/.pico-sdk/toolchain/13_3_Rel1/bin/../lib/gcc/arm-none-eabi/13.3.1/thumb/v6-m/nofp\libg.a(libc_a-mallocr.o) (__malloc_lock)
C:/Users/paola/.pico-sdk/toolchain/13_3_Rel1/bin/../lib/gcc/arm-none-eabi/13.3.1/thumb/v6-m/nofp\libg.a(libc_a-realloc.o)
                              CMakeFiles/interrupcoes.dir/C_/Users/paola/.pico-sdk/sdk/2.1.0/src/rp2_common/pico_malloc/malloc.c.obj (realloc)
C:/Users/paola/.pico-sdk/toolchain/13_3_Rel1/bin/../lib/gcc/arm-none-eabi/13.3.1/thumb/v6-m/nofp\libg.a(libc_a-reallocr.o)
                              C:/Users/paola/.pico-sdk/toolchain/13_3_Rel1/bin/../lib/gcc/arm-none-eabi/13.3.1/thumb/v6-m/nofp\libg.a(libc_a-realloc.o) (_realloc_r)
C:/Users/paola/.pico-sdk/toolchain/13_3_Rel1/bin/../lib/gcc/arm-none-eabi/13.3.1/thumb/v6-m/nofp\libg.a(libc_a-memcmp.o)
                              CMakeFiles/interrupcoes.dir/C_/Users/paola/.pico-sdk/sdk/2.1.0/src/rp2_common/pico_atomic/atomic.c.obj (memcmp)
C:/Users/paola/.pico-sdk/toolchain/13_3_Rel1/bin/../lib/gcc/arm-none-eabi/13.3.1/thumb/v6-m/nofp\libg.a(libc_a-memmove.o)
                              C:/Users/paola/.pico-sdk/toolchain/13_3_Rel1/bin/../lib/gcc/arm-none-eabi/13.3.1/thumb/v6-m/nofp\libg.a(libc_a-reallocr.o) (memmove)
C:/Users/paola/.pico-sdk/toolchain/13_3_Rel1/bin/../lib/gcc/arm-none-eabi/13.3.1/thumb/v6-m/nofp\libg.a(libc_a-lcltime_r.o)
                              CMakeFiles/interrupcoes.dir/C_/Users/paola/.pico-sdk/sdk/2.1.0/src/common/pico_util/datetime.c.obj (localtime_r)
C:/Users/paola/.pico-sdk/toolchain/13_3_Rel1/bin/../lib/gcc/arm-none-eabi/13.3.1/thumb/v6-m/nofp\libg.a(libc_a-mktime.o)
                              CMakeFiles/interrupcoes.dir/C_/Users/paola/.pico-sdk/sdk/2.1.0/src/common/pico_util/datetime.c.obj (mktime)
C:/Users/paola/.pico-sdk/toolchain/13_3_Rel1/bin/../lib/gcc/arm-none-eabi/13.3.1/thumb/v6-m/nofp\libg.a(libc_a-month_lengths.o)
                              C:/Users/paola/.pico-sdk/toolchain/13_3_Rel1/bin/../lib/gcc/arm-none-eabi/13.3.1/thumb/v6-m/nofp\libg.a(libc_a-lcltime_r.o) (__month_lengths)
C:/Users/paola/.pico-sdk/toolchain/13_3_Rel1/bin/../lib/gcc/arm-none-eabi/13.3.1/thumb/v6-m/nofp\libg.a(libc_a-tzcalc_limits.o)
                              C:/Users/paola/.pico-sdk/toolchain/13_3_Rel1/bin/../lib/gcc/arm-none-eabi/13.3.1/thumb/v6-m/nofp\libg.a(libc_a-lcltime_r.o) (__tzcalc_limits)
C:/Users/paola/.pico-sdk/toolchain/13_3_Rel1/bin/../lib/gcc/arm-none-eabi/13.3.1/thumb/v6-m/nofp\libg.a(libc_a-tzlock.o)
                              C:/Users/paola/.pico-sdk/toolchain/13_3_Rel1/bin/../lib/gcc/arm-none-eabi/13.3.1/thumb/v6-m/nofp\libg.a(libc_a-lcltime_r.o) (__tz_lock)
C:/Users/paola/.pico-sdk/toolchain/13_3_Rel1/bin/../lib/gcc/arm-none-eabi/13.3.1/thumb/v6-m/nofp\libg.a(libc_a-tzset.o)
                              C:/Users/paola/.pico-sdk/toolchain/13_3_Rel1/bin/../lib/gcc/arm-none-eabi/13.3.1/thumb/v6-m/nofp\libg.a(libc_a-lcltime_r.o) (_tzset_unlocked)
C:/Users/paola/.pico-sdk/toolchain/13_3_Rel1/bin/../lib/gcc/arm-none-eabi/13.3.1/thumb/v6-m/nofp\libg.a(libc_a-tzset_r.o)
                              C:/Users/paola/.pico-sdk/toolchain/13_3_Rel1/bin/../lib/gcc/arm-none-eabi/13.3.1/thumb/v6-m/nofp\libg.a(libc_a-tzset.o) (_tzset_unlocked_r)
C:/Users/paola/.pico-sdk/toolchain/13_3_Rel1/bin/../lib/gcc/arm-none-eabi/13.3.1/thumb/v6-m/nofp\libg.a(libc_a-tzvars.o)
[...]
Memory Configuration

Name             Origin             Length             Attributes
FLASH            0x10000000         0x00200000         xr
RAM              0x20000000         0x00040000         xrw
SCRATCH_X        0x20040000         0x00001000         xrw
SCRATCH_Y        0x20041000         0x00001000         xrw
*default*        0x00000000         0xffffffff

Linker script and memory map

LOAD C:/Users/paola/.pico-sdk/toolchain/13_3_Rel1/bin/../lib/gcc/arm-none-eabi/13.3.1/thumb/v6-m/nofp/crti.o
LOAD C:/Users/paola/.pico-sdk/toolchain/13_3_Rel1/bin/../lib/gcc/arm-none-eabi/13.3.1/thumb/v6-m/nofp/crtbegin.o
LOAD C:/Users/paola/.pico-sdk/toolchain/13_3_Rel1/bin/../lib/gcc/arm-none-eabi/13.3.1/thumb/v6-m/nofp/crt0.o

.flash_begin    0x10000000        0x0
                0x10000000                        __flash_binary_start = .

.boot2          0x10000000      0x100
                0x10000000                        __boot2_start__ = .
 *(.boot2)
 .boot2         0x10000000      0x100 pico-sdk/src/rp2040/boot_stage2/CMakeFiles/bs2_default_library.dir/./bs2_default_padded_checksummed.S.obj
                0x10000100                        __boot2_end__ = .
                0x00000001                        ASSERT (((__boot2_end__ - __boot2_start__) == 0x100), ERROR: Pico second stage bootloader must be 256 bytes in size)

.text           0x10000100     0x5464
                0x10000100                        __logical_binary_start = .
 *(.vectors)
 .vectors       0x10000100       0xd4 CMakeFiles/interrupcoes.dir/C_/Users/paola/.pico-sdk/sdk/2.1.0/src/rp2_common/pico_crt0/crt0.S.obj
                0x10000100                __VECTOR_TABLE
                0x10000100                __vectors
                0x100001c0                isr_invalid
                0x100001c0                __default_isrs_start
                0x100001c2                isr_nmi
                0x100001c4                isr_hardfault
                0x100001c6                isr_svcall
                0x100001c8                isr_pendsv
                0x100001ca                isr_systick
                0x100001cc                isr_irq23
                0x100001cc                isr_irq18
                0x100001cc                isr_irq11
                0x100001cc                isr_irq28
                0x100001cc                isr_irq19
                0x100001cc                isr_irq0
                0x100001cc                isr_irq6
                0x100001cc                isr_irq5
                0x100001cc                isr_irq12
                0x100001cc                isr_irq22
                0x100001cc                isr_irq31
                0x100001cc                isr_irq17
                0x100001cc                isr_irq27
                0x100001cc                isr_irq30
                0x100001cc                isr_irq2
                0x100001cc                isr_irq10
                0x100001cc                isr_irq8
                0x100001cc                isr_irq24
                0x100001cc                isr_irq1
                0x100001cc                isr_irq7
                0x100001cc                isr_irq21
                0x100001cc                isr_irq20
                0x100001cc                isr_irq15
                0x100001cc                isr_irq25
                0x100001cc                isr_irq13
                0x100001cc                __unhandled_user_irq
                0x100001cc                isr_irq4
                0x100001cc                isr_irq16
                0x100001cc                isr_irq29
                0x100001cc                isr_irq26
                0x100001cc                __default_isrs_end
                0x100001cc                isr_irq3
                0x100001cc                isr_irq14
                0x100001cc                isr_irq9
                0x100001d2                unhandled_user_irq_num_in_r0
 *(.binary_info_header)
 .binary_info_header
                0x100001d4       0x14 CMakeFiles/interrupcoes.dir/C_/Users/paola/.pico-sdk/sdk/2.1.0/src/rp2_common/pico_crt0/crt0.S.obj
                0x100001e8                        __binary_info_header_end = .
 *(.embedded_block)
                0x100001e8                        __embedded_block_end = .
 *(.reset)
 .reset         0x100001e8       0x9c CMakeFiles/interrupcoes.dir/C_/Users/paola/.pico-sdk/sdk/2.1.0/src/rp2_common/pico_crt0/crt0.S.obj
                0x100001e8                _entry_point
 *(.init)
 .init          0x10000284        0x4 C:/Users/paola/.pico-sdk/toolchain/13_3_Rel1/bin/../lib/gcc/arm-none-eabi/13.3.1/thumb/v6-m/nofp/crti.o
                0x10000284                _init
 *(EXCLUDE_FILE(*libm.a: *libc.a:*lib_a-mem*.o *libgcc.a:) .text*)
 .text.register_tm_clones
                0x10000288       0x28 C:/Users/paola/.pico-sdk/toolchain/13_3_Rel1/bin/../lib/gcc/arm-none-eabi/13.3.1/thumb/v6-m/nofp/crtbegin.o
 .text.frame_dummy
                0x100002b0       0x24 C:/Users/paola/.pico-sdk/toolchain/13_3_Rel1/bin/../lib/gcc/arm-none-eabi/13.3.1/thumb/v6-m/nofp/crtbegin.o
 .text.botao_irq_handler
                0x100002d4       0xf8 CMakeFiles/interrupcoes.dir/interrupcoes.c.obj
                0x100002d4                botao_irq_handler
 .text.startup.main
                0x100003cc      0x258 CMakeFiles/interrupcoes.dir/interrupcoes.c.obj
                0x100003cc                main
 .text.gpio_default_irq_handler
                0x10000624      0x274 CMakeFiles/interrupcoes.dir/C_/Users/paola/.pico-sdk/sdk/2.1.0/src/rp2_common/hardware_gpio/gpio.c.obj
 .text.gpio_set_function
                0x10000898       0x34 CMakeFiles/interrupcoes.dir/C_/Users/paola/.pico-sdk/sdk/2.1.0/src/rp2_common/hardware_gpio/gpio.c.obj
                0x10000898                gpio_set_function
 .text.gpio_set_pulls
                0x100008cc       0x28 CMakeFiles/interrupcoes.dir/C_/Users/paola/.pico-sdk/sdk/2.1.0/src/rp2_common/hardware_gpio/gpio.c.obj
                0x100008cc                gpio_set_pulls
 .text.gpio_set_irq_enabled_with_callback
                0x100008f4       0xd0 CMakeFiles/interrupcoes.dir/C_/Users/paola/.pico-sdk/sdk/2.1.0/src/rp2_common/hardware_gpio/gpio.c.obj
                0x100008f4                gpio_set_irq_enabled_with_callback
 .text.gpio_init
                0x100009c4       0x40 CMakeFiles/interrupcoes.dir/C_/Users/paola/.pico-sdk/sdk/2.1.0/src/rp2_common/hardware_gpio/gpio.c.obj
                0x100009c4                gpio_init
 .text.rp2040_chip_version
                0x10000a04        0xc CMakeFiles/interrupcoes.dir/C_/Users/paola/.pico-sdk/sdk/2.1.0/src/rp2040/pico_platform/platform.c.obj
                0x10000a04                rp2040_chip_version
 .text.panic    0x10000a10       0x30 CMakeFiles/interrupcoes.dir/C_/Users/paola/.pico-sdk/sdk/2.1.0/src/rp2_common/pico_platform_panic/panic.c.obj
                0x10000a10                panic
 .text.hw_claim_lock
                0x10000a40       0x18 CMakeFiles/interrupcoes.dir/C_/Users/paola/.pico-sdk/sdk/2.1.0/src/common/hardware_claim/claim.c.obj
                0x10000a40                hw_claim_lock
 .text.hw_claim_unlock
                0x10000a58       0x14 CMakeFiles/interrupcoes.dir/C_/Users/paola/.pico-sdk/sdk/2.1.0/src/common/hardware_claim/claim.c.obj
                0x10000a58                hw_claim_unlock
 .text.hw_claim_or_assert
                0x10000a6c       0x44 CMakeFiles/interrupcoes.dir/C_/Users/paola/.pico-sdk/sdk/2.1.0/src/common/hardware_claim/claim.c.obj
                0x10000a6c                hw_claim_or_assert
 .text.hw_claim_unused_from_range
                0x10000ab0       0x9c CMakeFiles/interrupcoes.dir/C_/Users/paola/.pico-sdk/sdk/2.1.0/src/common/hardware_claim/claim.c.obj
                0x10000ab0                hw_claim_unused_from_range
 .text.next_striped_spin_lock_num
                0x10000b4c       0x18 CMakeFiles/interrupcoes.dir/C_/Users/paola/.pico-sdk/sdk/2.1.0/src/rp2_common/hardware_sync/sync.c.obj
                0x10000b4c                next_striped_spin_lock_num
 .text.spin_lock_claim_unused
                0x10000b64       0x24 CMakeFiles/interrupcoes.dir/C_/Users/paola/.pico-sdk/sdk/2.1.0/src/rp2_common/hardware_sync/sync.c.obj
                0x10000b64                spin_lock_claim_unused
 .text.spin_locks_reset
                0x10000b88       0x1c CMakeFiles/interrupcoes.dir/C_/Users/paola/.pico-sdk/sdk/2.1.0/src/rp2_common/hardware_sync_spin_lock/sync_spin_lock.c.obj
                0x10000b88                spin_locks_reset
 .text.runtime_init_per_core_irq_priorities
                0x10000ba4       0x24 CMakeFiles/interrupcoes.dir/C_/Users/paola/.pico-sdk/sdk/2.1.0/src/rp2_common/hardware_irq/irq.c.obj
                0x10000ba4                runtime_init_per_core_irq_priorities
 .text.irq_set_enabled
                0x10000bc8       0x24 CMakeFiles/interrupcoes.dir/C_/Users/paola/.pico-sdk/sdk/2.1.0/src/rp2_common/hardware_irq/irq.c.obj
                0x10000bc8                irq_set_enabled
 .text.irq_is_enabled
                0x10000bec       0x18 CMakeFiles/interrupcoes.dir/C_/Users/paola/.pico-sdk/sdk/2.1.0/src/rp2_common/hardware_irq/irq.c.obj
                0x10000bec                irq_is_enabled
 .text.irq_set_pending
                0x10000c04       0x10 CMakeFiles/interrupcoes.dir/C_/Users/paola/.pico-sdk/sdk/2.1.0/src/rp2_common/hardware_irq/irq.c.obj
                0x10000c04                irq_set_pending
 .text.irq_has_shared_handler
                0x10000c14       0x2c CMakeFiles/interrupcoes.dir/C_/Users/paola/.pico-sdk/sdk/2.1.0/src/rp2_common/hardware_irq/irq.c.obj
                0x10000c14                irq_has_shared_handler
 .text.irq_set_exclusive_handler
                0x10000c40       0x54 CMakeFiles/interrupcoes.dir/C_/Users/paola/.pico-sdk/sdk/2.1.0/src/rp2_common/hardware_irq/irq.c.obj
                0x10000c40                irq_set_exclusive_handler
 .text.irq_add_shared_handler
                0x10000c94      0x1f4 CMakeFiles/interrupcoes.dir/C_/Users/paola/.pico-sdk/sdk/2.1.0/src/rp2_common/hardware_irq/irq.c.obj
                0x10000c94                irq_add_shared_handler
 .text.irq_remove_handler
                0x10000e88      0x1d4 CMakeFiles/interrupcoes.dir/C_/Users/paola/.pico-sdk/sdk/2.1.0/src/rp2_common/hardware_irq/irq.c.obj
                0x10000e88                irq_remove_handler
 .text.irq_add_tail_to_free_list
                0x1000105c       0xb4 CMakeFiles/interrupcoes.dir/C_/Users/paola/.pico-sdk/sdk/2.1.0/src/rp2_common/hardware_irq/irq.c.obj
                0x1000105c                irq_add_tail_to_free_list
 .text.user_irq_claim_unused
                0x10001110       0x2c CMakeFiles/interrupcoes.dir/C_/Users/paola/.pico-sdk/sdk/2.1.0/src/rp2_common/hardware_irq/irq.c.obj
                0x10001110                user_irq_claim_unused
 .text.lock_init
                0x1000113c       0x10 CMakeFiles/interrupcoes.dir/C_/Users/paola/.pico-sdk/sdk/2.1.0/src/common/pico_sync/lock_core.c.obj
                0x1000113c                lock_init
 .text.runtime_init_mutex
                0x1000114c       0x50 CMakeFiles/interrupcoes.dir/C_/Users/paola/.pico-sdk/sdk/2.1.0/src/common/pico_sync/mutex.c.obj
                0x1000114c                runtime_init_mutex
 .text.mutex_init
                0x1000119c       0x1c CMakeFiles/interrupcoes.dir/C_/Users/paola/.pico-sdk/sdk/2.1.0/src/common/pico_sync/mutex.c.obj
                0x1000119c                mutex_init
 .text.critical_section_init
                0x100011b8       0x1c CMakeFiles/interrupcoes.dir/C_/Users/paola/.pico-sdk/sdk/2.1.0/src/common/pico_sync/critical_section.c.obj
                0x100011b8                critical_section_init
 .text.critical_section_init_with_lock_num
                0x100011d4       0x14 CMakeFiles/interrupcoes.dir/C_/Users/paola/.pico-sdk/sdk/2.1.0/src/common/pico_sync/critical_section.c.obj
                0x100011d4                critical_section_init_with_lock_num
 .text.sleep_until_callback
                0x100011e8       0x30 CMakeFiles/interrupcoes.dir/C_/Users/paola/.pico-sdk/sdk/2.1.0/src/common/pico_time/time.c.obj
 .text.alarm_pool_irq_handler
                0x10001218      0x2fc CMakeFiles/interrupcoes.dir/C_/Users/paola/.pico-sdk/sdk/2.1.0/src/common/pico_time/time.c.obj
 .text.runtime_init_default_alarm_pool
                0x10001514       0xdc CMakeFiles/interrupcoes.dir/C_/Users/paola/.pico-sdk/sdk/2.1.0/src/common/pico_time/time.c.obj
                0x10001514                runtime_init_default_alarm_pool
 .text.alarm_pool_get_default
                0x100015f0        0x8 CMakeFiles/interrupcoes.dir/C_/Users/paola/.pico-sdk/sdk/2.1.0/src/common/pico_time/time.c.obj
                0x100015f0                alarm_pool_get_default
 .text.alarm_pool_add_alarm_at
                0x100015f8       0xd4 CMakeFiles/interrupcoes.dir/C_/Users/paola/.pico-sdk/sdk/2.1.0/src/common/pico_time/time.c.obj
                0x100015f8                alarm_pool_add_alarm_at
 .text.alarm_pool_add_alarm_at_force_in_context
                0x100016cc       0xb0 CMakeFiles/interrupcoes.dir/C_/Users/paola/.pico-sdk/sdk/2.1.0/src/common/pico_time/time.c.obj
                0x100016cc                alarm_pool_add_alarm_at_force_in_context
 .text.alarm_pool_cancel_alarm
                0x1000177c       0x74 CMakeFiles/interrupcoes.dir/C_/Users/paola/.pico-sdk/sdk/2.1.0/src/common/pico_time/time.c.obj
                0x1000177c                alarm_pool_cancel_alarm
 .text.alarm_pool_core_num
                0x100017f0        0x4 CMakeFiles/interrupcoes.dir/C_/Users/paola/.pico-sdk/sdk/2.1.0/src/common/pico_time/time.c.obj
                0x100017f0                alarm_pool_core_num
 .text.sleep_until
                0x100017f4       0xd8 CMakeFiles/interrupcoes.dir/C_/Users/paola/.pico-sdk/sdk/2.1.0/src/common/pico_time/time.c.obj
                0x100017f4                sleep_until
 .text.sleep_ms
                0x100018cc       0x38 CMakeFiles/interrupcoes.dir/C_/Users/paola/.pico-sdk/sdk/2.1.0/src/common/pico_time/time.c.obj
                0x100018cc                sleep_ms
 .text.best_effort_wfe_or_timeout
                0x10001904       0xe0 CMakeFiles/interrupcoes.dir/C_/Users/paola/.pico-sdk/sdk/2.1.0/src/common/pico_time/time.c.obj
                0x10001904                best_effort_wfe_or_timeout
 .text.timer_hardware_alarm_claim
                0x100019e4       0x14 CMakeFiles/interrupcoes.dir/C_/Users/paola/.pico-sdk/sdk/2.1.0/src/rp2_common/hardware_timer/timer.c.obj
                0x100019e4                timer_hardware_alarm_claim
 .text.timer_time_us_64
                0x100019f8       0x10 CMakeFiles/interrupcoes.dir/C_/Users/paola/.pico-sdk/sdk/2.1.0/src/rp2_common/hardware_timer/timer.c.obj
                0x100019f8                timer_time_us_64
 .text.time_us_64
                0x10001a08       0x14 CMakeFiles/interrupcoes.dir/C_/Users/paola/.pico-sdk/sdk/2.1.0/src/rp2_common/hardware_timer/timer.c.obj
                0x10001a08                time_us_64
 .text.busy_wait_until
                0x10001a1c       0x20 CMakeFiles/interrupcoes.dir/C_/Users/paola/.pico-sdk/sdk/2.1.0/src/rp2_common/hardware_timer/timer.c.obj
                0x10001a1c                busy_wait_until
 .text.clock_configure_int_divider
                0x10001a3c       0xf4 CMakeFiles/interrupcoes.dir/C_/Users/paola/.pico-sdk/sdk/2.1.0/src/rp2_common/hardware_clocks/clocks.c.obj
                0x10001a3c                clock_configure_int_divider
 .text.clock_configure_undivided
                0x10001b30       0xe8 CMakeFiles/interrupcoes.dir/C_/Users/paola/.pico-sdk/sdk/2.1.0/src/rp2_common/hardware_clocks/clocks.c.obj
                0x10001b30                clock_configure_undivided
 .text.clock_get_hz
                0x10001c18        0xc CMakeFiles/interrupcoes.dir/C_/Users/paola/.pico-sdk/sdk/2.1.0/src/rp2_common/hardware_clocks/clocks.c.obj
                0x10001c18                clock_get_hz
 .text.pll_init
                0x10001c24       0xa4 CMakeFiles/interrupcoes.dir/C_/Users/paola/.pico-sdk/sdk/2.1.0/src/rp2_common/hardware_pll/pll.c.obj
                0x10001c24                pll_init
 .text.watchdog_reboot
                0x10001cc8       0x9c CMakeFiles/interrupcoes.dir/C_/Users/paola/.pico-sdk/sdk/2.1.0/src/rp2_common/hardware_watchdog/watchdog.c.obj
                0x10001cc8                watchdog_reboot
 .text.tick_start
                0x10001d64       0x10 CMakeFiles/interrupcoes.dir/C_/Users/paola/.pico-sdk/sdk/2.1.0/src/rp2_common/hardware_ticks/ticks.c.obj
                0x10001d64                tick_start
 .text.rom_func_lookup
                0x10001d74       0x10 CMakeFiles/interrupcoes.dir/C_/Users/paola/.pico-sdk/sdk/2.1.0/src/rp2_common/pico_bootrom/bootrom.c.obj
                0x10001d74                rom_func_lookup
 .text.rom_data_lookup
                0x10001d84       0x10 CMakeFiles/interrupcoes.dir/C_/Users/paola/.pico-sdk/sdk/2.1.0/src/rp2_common/pico_bootrom/bootrom.c.obj
                0x10001d84                rom_data_lookup
 .text.rom_funcs_lookup
                0x10001d94       0x44 CMakeFiles/interrupcoes.dir/C_/Users/paola/.pico-sdk/sdk/2.1.0/src/rp2_common/pico_bootrom/bootrom.c.obj
                0x10001d94                rom_funcs_lookup
 .text.rom_reset_usb_boot_extra
                0x10001dd8       0x28 CMakeFiles/interrupcoes.dir/C_/Users/paola/.pico-sdk/sdk/2.1.0/src/rp2_common/pico_bootrom/bootrom.c.obj
                0x10001dd8                rom_reset_usb_boot_extra
 .text.xosc_init
                0x10001e00       0x28 CMakeFiles/interrupcoes.dir/C_/Users/paola/.pico-sdk/sdk/2.1.0/src/rp2_common/hardware_xosc/xosc.c.obj
                0x10001e00                xosc_init
 .text.first_per_core_initializer
                0x10001e28        0x4 CMakeFiles/interrupcoes.dir/C_/Users/paola/.pico-sdk/sdk/2.1.0/src/rp2_common/pico_runtime/runtime.c.obj
 .text.hard_assertion_failure
                0x10001e2c        0xc CMakeFiles/interrupcoes.dir/C_/Users/paola/.pico-sdk/sdk/2.1.0/src/rp2_common/pico_runtime/runtime.c.obj
                0x10001e2c                hard_assertion_failure
 .text.runtime_run_initializers
                0x10001e38       0x28 CMakeFiles/interrupcoes.dir/C_/Users/paola/.pico-sdk/sdk/2.1.0/src/rp2_common/pico_runtime/runtime.c.obj
                0x10001e38                runtime_run_initializers
 .text.runtime_init_early_resets
                0x10001e60       0x2c CMakeFiles/interrupcoes.dir/C_/Users/paola/.pico-sdk/sdk/2.1.0/src/rp2_common/pico_runtime_init/runtime_init.c.obj
                0x10001e60                runtime_init_early_resets
 .text.runtime_init_usb_power_down
                0x10001e8c       0x1c CMakeFiles/interrupcoes.dir/C_/Users/paola/.pico-sdk/sdk/2.1.0/src/rp2_common/pico_runtime_init/runtime_init.c.obj
                0x10001e8c                runtime_init_usb_power_down
 .text.runtime_init_post_clock_resets
                0x10001ea8       0x20 CMakeFiles/interrupcoes.dir/C_/Users/paola/.pico-sdk/sdk/2.1.0/src/rp2_common/pico_runtime_init/runtime_init.c.obj
                0x10001ea8                runtime_init_post_clock_resets
 .text.runtime_init_rp2040_gpio_ie_disable
                0x10001ec8       0x14 CMakeFiles/interrupcoes.dir/C_/Users/paola/.pico-sdk/sdk/2.1.0/src/rp2_common/pico_runtime_init/runtime_init.c.obj
                0x10001ec8                runtime_init_rp2040_gpio_ie_disable
 .text.runtime_init_spin_locks_reset
                0x10001edc        0x8 CMakeFiles/interrupcoes.dir/C_/Users/paola/.pico-sdk/sdk/2.1.0/src/rp2_common/pico_runtime_init/runtime_init.c.obj
                0x10001edc                runtime_init_spin_locks_reset
 .text.runtime_init_install_ram_vector_table
                0x10001ee4       0x1c CMakeFiles/interrupcoes.dir/C_/Users/paola/.pico-sdk/sdk/2.1.0/src/rp2_common/pico_runtime_init/runtime_init.c.obj
                0x10001ee4                runtime_init_install_ram_vector_table
 .text.runtime_init_clocks
                0x10001f00       0xd8 CMakeFiles/interrupcoes.dir/C_/Users/paola/.pico-sdk/sdk/2.1.0/src/rp2_common/pico_runtime_init/runtime_init_clocks.c.obj
                0x10001f00                runtime_init_clocks
 .text          0x10001fd8       0x10 CMakeFiles/interrupcoes.dir/C_/Users/paola/.pico-sdk/sdk/2.1.0/src/rp2_common/pico_bit_ops/bit_ops_aeabi.S.obj
 .text.__wrap___aeabi_idiv
                0x10001fe8       0x50 CMakeFiles/interrupcoes.dir/C_/Users/paola/.pico-sdk/sdk/2.1.0/src/rp2_common/pico_divider/divider_hardware.S.obj
                0x10001fe8                __wrap___aeabi_idivmod
                0x10001fe8                divmod_s32s32
                0x10001fe8                div_s32s32
                0x10001fe8                __wrap___aeabi_idiv
                0x10001ff0                divmod_s32s32_unsafe
                0x1000201c                divmod_s32s32_savestate
 .text.__wrap___aeabi_uidiv
                0x10002038       0x4c CMakeFiles/interrupcoes.dir/C_/Users/paola/.pico-sdk/sdk/2.1.0/src/rp2_common/pico_divider/divider_hardware.S.obj
                0x10002038                __wrap___aeabi_uidiv
                0x10002038                __wrap___aeabi_uidivmod
                0x10002038                div_u32u32
                0x10002038                divmod_u32u32
                0x10002040                divmod_u32u32_unsafe
                0x10002068                divmod_u32u32_savestate
 .text.__wrap___aeabi_ldiv
                0x10002084      0x424 CMakeFiles/interrupcoes.dir/C_/Users/paola/.pico-sdk/sdk/2.1.0/src/rp2_common/pico_divider/divider_hardware.S.obj
                0x10002084                div_s64s64
                0x10002084                divmod_s64s64
                0x10002084                __wrap___aeabi_ldivmod
                0x100020b4                divmod_u64u64
                0x100020b4                div_u64u64
                0x100020b4                __wrap___aeabi_uldivmod
                0x100020c4                divmod_u64u64_savestate
                0x100020e4                divmod_s64s64_unsafe
                0x1000216c                divmod_u64u64_unsafe
 .text.missing_double_func_shim
                0x100024a8        0xc CMakeFiles/interrupcoes.dir/C_/Users/paola/.pico-sdk/sdk/2.1.0/src/rp2_common/pico_double/double_init_rom_rp2040.c.obj
 .text.__aeabi_double_init
                0x100024b4       0xa0 CMakeFiles/interrupcoes.dir/C_/Users/paola/.pico-sdk/sdk/2.1.0/src/rp2_common/pico_double/double_init_rom_rp2040.c.obj
                0x100024b4                __aeabi_double_init
 .text.double_table_shim_on_use_helper
                0x10002554       0x2c CMakeFiles/interrupcoes.dir/C_/Users/paola/.pico-sdk/sdk/2.1.0/src/rp2_common/pico_double/double_v1_rom_shim_rp2040.S.obj
                0x10002554                double_table_shim_on_use_helper
 .text.__aeabi_lmul
                0x10002580       0x32 CMakeFiles/interrupcoes.dir/C_/Users/paola/.pico-sdk/sdk/2.1.0/src/rp2_common/pico_int64_ops/pico_int64_ops_aeabi.S.obj
                0x10002580                __wrap___aeabi_lmul
 *fill*         0x100025b2        0x2 
 .text.__wrap___aeabi_farithmetic
                0x100025b4       0x48 CMakeFiles/interrupcoes.dir/C_/Users/paola/.pico-sdk/sdk/2.1.0/src/rp2_common/pico_float/float_aeabi_rp2040.S.obj
                0x100025b4                __wrap___aeabi_frsub
                0x100025ba                __wrap___aeabi_fsub
                0x100025c0                __wrap___aeabi_fadd
                0x100025c6                __wrap___aeabi_fdiv
                0x100025ee                __wrap___aeabi_fmul
 .text.__wrap___aeabi_ui2f
                0x100025fc        0xa CMakeFiles/interrupcoes.dir/C_/Users/paola/.pico-sdk/sdk/2.1.0/src/rp2_common/pico_float/float_aeabi_rp2040.S.obj
                0x100025fc                __wrap___aeabi_ui2f
                0x100025fc                uint2float
 *fill*         0x10002606        0x2 
 .text.__wrap___aeabi_i2f
                0x10002608       0x44 CMakeFiles/interrupcoes.dir/C_/Users/paola/.pico-sdk/sdk/2.1.0/src/rp2_common/pico_float/float_aeabi_rp2040.S.obj
                0x10002608                __wrap___aeabi_i2f
                0x10002608                int2float
 .text.__wrap___aeabi_f2uiz
                0x1000264c        0xc CMakeFiles/interrupcoes.dir/C_/Users/paola/.pico-sdk/sdk/2.1.0/src/rp2_common/pico_float/float_aeabi_rp2040.S.obj
                0x1000264c                __wrap___aeabi_f2uiz
                0x1000264c                float2uint_z
 .text.missing_float_func_shim
                0x10002658        0xc CMakeFiles/interrupcoes.dir/C_/Users/paola/.pico-sdk/sdk/2.1.0/src/rp2_common/pico_float/float_init_rom_rp2040.c.obj
 .text.__aeabi_float_init
                0x10002664       0x5c CMakeFiles/interrupcoes.dir/C_/Users/paola/.pico-sdk/sdk/2.1.0/src/rp2_common/pico_float/float_init_rom_rp2040.c.obj
                0x10002664                __aeabi_float_init
 .text          0x100026c0       0x10 CMakeFiles/interrupcoes.dir/C_/Users/paola/.pico-sdk/sdk/2.1.0/src/rp2_common/pico_mem_ops/mem_ops_aeabi.S.obj
                0x100026c0                __aeabi_mem_init
 .text.memset   0x100026d0        0xc CMakeFiles/interrupcoes.dir/C_/Users/paola/.pico-sdk/sdk/2.1.0/src/rp2_common/pico_mem_ops/mem_ops_aeabi.S.obj
                0x100026d0                __wrap_memset
 .text.memcpy   0x100026dc        0xc CMakeFiles/interrupcoes.dir/C_/Users/paola/.pico-sdk/sdk/2.1.0/src/rp2_common/pico_mem_ops/mem_ops_aeabi.S.obj
                0x100026dc                __wrap_memcpy
                0x100026dc                __wrap___aeabi_memcpy
 .text._out_char
                0x100026e8       0x10 CMakeFiles/interrupcoes.dir/C_/Users/paola/.pico-sdk/sdk/2.1.0/src/rp2_common/pico_printf/printf.c.obj
 .text.weak_raw_vprintf
                0x100026f8       0x30 CMakeFiles/interrupcoes.dir/C_/Users/paola/.pico-sdk/sdk/2.1.0/src/rp2_common/pico_printf/printf.c.obj
                0x100026f8                weak_raw_vprintf
 .text._exit    0x10002728        0x4 CMakeFiles/interrupcoes.dir/C_/Users/paola/.pico-sdk/sdk/2.1.0/src/rp2_common/pico_clib_interface/newlib_interface.c.obj
                0x10002728                _exit
 .text.exit     0x1000272c        0x8 CMakeFiles/interrupcoes.dir/C_/Users/paola/.pico-sdk/sdk/2.1.0/src/rp2_common/pico_clib_interface/newlib_interface.c.obj
                0x1000272c                exit
 .text.runtime_init
                0x10002734       0x2c CMakeFiles/interrupcoes.dir/C_/Users/paola/.pico-sdk/sdk/2.1.0/src/rp2_common/pico_clib_interface/newlib_interface.c.obj
                0x10002734                runtime_init
 .text.stdio_out_chars_no_crlf
                0x10002760       0x10 CMakeFiles/interrupcoes.dir/C_/Users/paola/.pico-sdk/sdk/2.1.0/src/rp2_common/pico_stdio/stdio.c.obj
 .text.stdio_out_chars_crlf
                0x10002770       0x94 CMakeFiles/interrupcoes.dir/C_/Users/paola/.pico-sdk/sdk/2.1.0/src/rp2_common/pico_stdio/stdio.c.obj
 .text.stdio_put_string
                0x10002804      0x100 CMakeFiles/interrupcoes.dir/C_/Users/paola/.pico-sdk/sdk/2.1.0/src/rp2_common/pico_stdio/stdio.c.obj
                0x10002804                stdio_put_string
 .text.stdio_set_driver_enabled
                0x10002904       0x30 CMakeFiles/interrupcoes.dir/C_/Users/paola/.pico-sdk/sdk/2.1.0/src/rp2_common/pico_stdio/stdio.c.obj
                0x10002904                stdio_set_driver_enabled
 .text.stdio_init_all
                0x10002934        0x8 CMakeFiles/interrupcoes.dir/C_/Users/paola/.pico-sdk/sdk/2.1.0/src/rp2_common/pico_stdio/stdio.c.obj
                0x10002934                stdio_init_all
 .text.__wrap_putchar
                0x1000293c       0x98 CMakeFiles/interrupcoes.dir/C_/Users/paola/.pico-sdk/sdk/2.1.0/src/rp2_common/pico_stdio/stdio.c.obj
                0x1000293c                __wrap_putchar
                0x1000293c                stdio_putchar
 .text.__wrap_puts
                0x100029d4       0x3c CMakeFiles/interrupcoes.dir/C_/Users/paola/.pico-sdk/sdk/2.1.0/src/rp2_common/pico_stdio/stdio.c.obj
                0x100029d4                stdio_puts
                0x100029d4                __wrap_puts
 .text.resetd_init
                0x10002a10        0x4 CMakeFiles/interrupcoes.dir/C_/Users/paola/.pico-sdk/sdk/2.1.0/src/rp2_common/pico_stdio_usb/reset_interface.c.obj
 .text.resetd_reset
                0x10002a14        0xc CMakeFiles/interrupcoes.dir/C_/Users/paola/.pico-sdk/sdk/2.1.0/src/rp2_common/pico_stdio_usb/reset_interface.c.obj
 .text.resetd_open
                0x10002a20       0x28 CMakeFiles/interrupcoes.dir/C_/Users/paola/.pico-sdk/sdk/2.1.0/src/rp2_common/pico_stdio_usb/reset_interface.c.obj
 .text.resetd_xfer_cb
                0x10002a48        0x4 CMakeFiles/interrupcoes.dir/C_/Users/paola/.pico-sdk/sdk/2.1.0/src/rp2_common/pico_stdio_usb/reset_interface.c.obj
 .text.resetd_control_xfer_cb
                0x10002a4c       0x5c CMakeFiles/interrupcoes.dir/C_/Users/paola/.pico-sdk/sdk/2.1.0/src/rp2_common/pico_stdio_usb/reset_interface.c.obj
 .text.tud_descriptor_bos_cb
                0x10002aa8        0x8 CMakeFiles/interrupcoes.dir/C_/Users/paola/.pico-sdk/sdk/2.1.0/src/rp2_common/pico_stdio_usb/reset_interface.c.obj
                0x10002aa8                tud_descriptor_bos_cb
 .text.tud_vendor_control_xfer_cb
                0x10002ab0       0x34 CMakeFiles/interrupcoes.dir/C_/Users/paola/.pico-sdk/sdk/2.1.0/src/rp2_common/pico_stdio_usb/reset_interface.c.obj
                0x10002ab0                tud_vendor_control_xfer_cb
 .text.usbd_app_driver_get_cb
                0x10002ae4        0xc CMakeFiles/interrupcoes.dir/C_/Users/paola/.pico-sdk/sdk/2.1.0/src/rp2_common/pico_stdio_usb/reset_interface.c.obj
                0x10002ae4                usbd_app_driver_get_cb
 .text.tud_cdc_line_coding_cb
                0x10002af0       0x2c CMakeFiles/interrupcoes.dir/C_/Users/paola/.pico-sdk/sdk/2.1.0/src/rp2_common/pico_stdio_usb/reset_interface.c.obj
                0x10002af0                tud_cdc_line_coding_cb
 .text.stdio_usb_set_chars_available_callback
                0x10002b1c       0x14 CMakeFiles/interrupcoes.dir/C_/Users/paola/.pico-sdk/sdk/2.1.0/src/rp2_common/pico_stdio_usb/stdio_usb.c.obj
                0x10002b1c                stdio_usb_set_chars_available_callback
 .text.usb_irq  0x10002b30       0x10 CMakeFiles/interrupcoes.dir/C_/Users/paola/.pico-sdk/sdk/2.1.0/src/rp2_common/pico_stdio_usb/stdio_usb.c.obj
 .text.timer_task
                0x10002b40       0x64 CMakeFiles/interrupcoes.dir/C_/Users/paola/.pico-sdk/sdk/2.1.0/src/rp2_common/pico_stdio_usb/stdio_usb.c.obj
 .text.stdio_usb_in_chars
                0x10002ba4       0x90 CMakeFiles/interrupcoes.dir/C_/Users/paola/.pico-sdk/sdk/2.1.0/src/rp2_common/pico_stdio_usb/stdio_usb.c.obj
                0x10002ba4                stdio_usb_in_chars
 .text.stdio_usb_out_flush
                0x10002c34       0x50 CMakeFiles/interrupcoes.dir/C_/Users/paola/.pico-sdk/sdk/2.1.0/src/rp2_common/pico_stdio_usb/stdio_usb.c.obj
 .text.stdio_usb_out_chars
                0x10002c84      0x104 CMakeFiles/interrupcoes.dir/C_/Users/paola/.pico-sdk/sdk/2.1.0/src/rp2_common/pico_stdio_usb/stdio_usb.c.obj
 .text.low_priority_worker_irq
                0x10002d88       0xcc CMakeFiles/interrupcoes.dir/C_/Users/paola/.pico-sdk/sdk/2.1.0/src/rp2_common/pico_stdio_usb/stdio_usb.c.obj
 .text.stdio_usb_init
                0x10002e54       0xe8 CMakeFiles/interrupcoes.dir/C_/Users/paola/.pico-sdk/sdk/2.1.0/src/rp2_common/pico_stdio_usb/stdio_usb.c.obj
                0x10002e54                stdio_usb_init
 .text.tud_descriptor_device_cb
                0x10002f3c        0x8 CMakeFiles/interrupcoes.dir/C_/Users/paola/.pico-sdk/sdk/2.1.0/src/rp2_common/pico_stdio_usb/stdio_usb_descriptors.c.obj
                0x10002f3c                tud_descriptor_device_cb
 .text.tud_descriptor_configuration_cb
                0x10002f44        0x8 CMakeFiles/interrupcoes.dir/C_/Users/paola/.pico-sdk/sdk/2.1.0/src/rp2_common/pico_stdio_usb/stdio_usb_descriptors.c.obj
                0x10002f44                tud_descriptor_configuration_cb
 .text.tud_descriptor_string_cb
                0x10002f4c       0x78 CMakeFiles/interrupcoes.dir/C_/Users/paola/.pico-sdk/sdk/2.1.0/src/rp2_common/pico_stdio_usb/stdio_usb_descriptors.c.obj
                0x10002f4c                tud_descriptor_string_cb
 .text.startup._retrieve_unique_id_on_boot
                0x10002fc4       0x10 CMakeFiles/interrupcoes.dir/C_/Users/paola/.pico-sdk/sdk/2.1.0/src/rp2_common/pico_unique_id/unique_id.c.obj
 .text.pico_get_unique_board_id_string
                0x10002fd4      0x1a8 CMakeFiles/interrupcoes.dir/C_/Users/paola/.pico-sdk/sdk/2.1.0/src/rp2_common/pico_unique_id/unique_id.c.obj
                0x10002fd4                pico_get_unique_board_id_string
 .text.flash_get_unique_id
                0x1000317c       0x3c CMakeFiles/interrupcoes.dir/C_/Users/paola/.pico-sdk/sdk/2.1.0/src/rp2_common/hardware_flash/flash.c.obj
                0x1000317c                flash_get_unique_id
 .text.dcd_init
                0x100031b8       0x8c CMakeFiles/interrupcoes.dir/C_/Users/paola/.pico-sdk/sdk/2.1.0/lib/tinyusb/src/portable/raspberrypi/rp2040/dcd_rp2040.c.obj
                0x100031b8                dcd_init
 .text.dcd_int_enable
                0x10003244        0xc CMakeFiles/interrupcoes.dir/C_/Users/paola/.pico-sdk/sdk/2.1.0/lib/tinyusb/src/portable/raspberrypi/rp2040/dcd_rp2040.c.obj
                0x10003244                dcd_int_enable
 .text.dcd_set_address
                0x10003250       0x14 CMakeFiles/interrupcoes.dir/C_/Users/paola/.pico-sdk/sdk/2.1.0/lib/tinyusb/src/portable/raspberrypi/rp2040/dcd_rp2040.c.obj
                0x10003250                dcd_set_address
 .text.dcd_sof_enable
                0x10003264       0x1c CMakeFiles/interrupcoes.dir/C_/Users/paola/.pico-sdk/sdk/2.1.0/lib/tinyusb/src/portable/raspberrypi/rp2040/dcd_rp2040.c.obj
                0x10003264                dcd_sof_enable
 .text.dcd_edpt0_status_complete
                0x10003280       0x1c CMakeFiles/interrupcoes.dir/C_/Users/paola/.pico-sdk/sdk/2.1.0/lib/tinyusb/src/portable/raspberrypi/rp2040/dcd_rp2040.c.obj
                0x10003280                dcd_edpt0_status_complete
 .text.dcd_edpt_open
                0x1000329c      0x108 CMakeFiles/interrupcoes.dir/C_/Users/paola/.pico-sdk/sdk/2.1.0/lib/tinyusb/src/portable/raspberrypi/rp2040/dcd_rp2040.c.obj
                0x1000329c                dcd_edpt_open
 .text.dcd_edpt_close_all
                0x100033a4        0x8 CMakeFiles/interrupcoes.dir/C_/Users/paola/.pico-sdk/sdk/2.1.0/lib/tinyusb/src/portable/raspberrypi/rp2040/dcd_rp2040.c.obj
                0x100033a4                dcd_edpt_close_all
 .text.dcd_edpt_xfer
                0x100033ac       0x24 CMakeFiles/interrupcoes.dir/C_/Users/paola/.pico-sdk/sdk/2.1.0/lib/tinyusb/src/portable/raspberrypi/rp2040/dcd_rp2040.c.obj
                0x100033ac                dcd_edpt_xfer
 .text.dcd_edpt_stall
                0x100033d0       0x34 CMakeFiles/interrupcoes.dir/C_/Users/paola/.pico-sdk/sdk/2.1.0/lib/tinyusb/src/portable/raspberrypi/rp2040/dcd_rp2040.c.obj
                0x100033d0                dcd_edpt_stall
 .text.dcd_edpt_clear_stall
                0x10003404       0x30 CMakeFiles/interrupcoes.dir/C_/Users/paola/.pico-sdk/sdk/2.1.0/lib/tinyusb/src/portable/raspberrypi/rp2040/dcd_rp2040.c.obj
                0x10003404                dcd_edpt_clear_stall
 .text.rp2040_usb_init
                0x10003434       0x40 CMakeFiles/interrupcoes.dir/C_/Users/paola/.pico-sdk/sdk/2.1.0/lib/tinyusb/src/portable/raspberrypi/rp2040/rp2040_usb.c.obj
                0x10003434                rp2040_usb_init
 .text.hw_endpoint_xfer_start
                0x10003474       0x40 CMakeFiles/interrupcoes.dir/C_/Users/paola/.pico-sdk/sdk/2.1.0/lib/tinyusb/src/portable/raspberrypi/rp2040/rp2040_usb.c.obj
                0x10003474                hw_endpoint_xfer_start
 .text.tud_event_hook_cb
                0x100034b4        0x4 CMakeFiles/interrupcoes.dir/C_/Users/paola/.pico-sdk/sdk/2.1.0/lib/tinyusb/src/device/usbd.c.obj
                0x100034b4                tud_event_hook_cb
 .text.tud_sof_cb
                0x100034b8        0x4 CMakeFiles/interrupcoes.dir/C_/Users/paola/.pico-sdk/sdk/2.1.0/lib/tinyusb/src/device/usbd.c.obj
                0x100034b8                tud_sof_cb
 .text.tud_descriptor_device_qualifier_cb
                0x100034bc        0x4 CMakeFiles/interrupcoes.dir/C_/Users/paola/.pico-sdk/sdk/2.1.0/lib/tinyusb/src/device/usbd.c.obj
                0x100034bc                tud_descriptor_device_qualifier_cb
 .text.tud_descriptor_other_speed_configuration_cb
                0x100034c0        0x4 CMakeFiles/interrupcoes.dir/C_/Users/paola/.pico-sdk/sdk/2.1.0/lib/tinyusb/src/device/usbd.c.obj
                0x100034c0                tud_descriptor_other_speed_configuration_cb
 .text.tud_mount_cb
                0x100034c4        0x4 CMakeFiles/interrupcoes.dir/C_/Users/paola/.pico-sdk/sdk/2.1.0/lib/tinyusb/src/device/usbd.c.obj
                0x100034c4                tud_mount_cb
 .text.tud_umount_cb
                0x100034c8        0x4 CMakeFiles/interrupcoes.dir/C_/Users/paola/.pico-sdk/sdk/2.1.0/lib/tinyusb/src/device/usbd.c.obj
                0x100034c8                tud_umount_cb
 .text.tud_suspend_cb
                0x100034cc        0x4 CMakeFiles/interrupcoes.dir/C_/Users/paola/.pico-sdk/sdk/2.1.0/lib/tinyusb/src/device/usbd.c.obj
                0x100034cc                tud_suspend_cb
 .text.tud_resume_cb
                0x100034d0        0x4 CMakeFiles/interrupcoes.dir/C_/Users/paola/.pico-sdk/sdk/2.1.0/lib/tinyusb/src/device/usbd.c.obj
                0x100034d0                tud_resume_cb
 .text.tud_mounted
                0x100034d4       0x10 CMakeFiles/interrupcoes.dir/C_/Users/paola/.pico-sdk/sdk/2.1.0/lib/tinyusb/src/device/usbd.c.obj
                0x100034d4                tud_mounted
 .text.tud_suspended
                0x100034e4       0x10 CMakeFiles/interrupcoes.dir/C_/Users/paola/.pico-sdk/sdk/2.1.0/lib/tinyusb/src/device/usbd.c.obj
                0x100034e4                tud_suspended
 .text.tud_init
                0x100034f4       0xe4 CMakeFiles/interrupcoes.dir/C_/Users/paola/.pico-sdk/sdk/2.1.0/lib/tinyusb/src/device/usbd.c.obj
                0x100034f4                tud_init
 .text.tud_task_ext
                0x100035d8      0x800 CMakeFiles/interrupcoes.dir/C_/Users/paola/.pico-sdk/sdk/2.1.0/lib/tinyusb/src/device/usbd.c.obj
                0x100035d8                tud_task_ext
 .text.usbd_open_edpt_pair
                0x10003dd8       0x9c CMakeFiles/interrupcoes.dir/C_/Users/paola/.pico-sdk/sdk/2.1.0/lib/tinyusb/src/device/usbd.c.obj
                0x10003dd8                usbd_open_edpt_pair
 .text.usbd_edpt_open
                0x10003e74       0x34 CMakeFiles/interrupcoes.dir/C_/Users/paola/.pico-sdk/sdk/2.1.0/lib/tinyusb/src/device/usbd.c.obj
                0x10003e74                usbd_edpt_open
 .text.usbd_edpt_claim
                0x10003ea8       0x28 CMakeFiles/interrupcoes.dir/C_/Users/paola/.pico-sdk/sdk/2.1.0/lib/tinyusb/src/device/usbd.c.obj
                0x10003ea8                usbd_edpt_claim
 .text.usbd_edpt_release
                0x10003ed0       0x28 CMakeFiles/interrupcoes.dir/C_/Users/paola/.pico-sdk/sdk/2.1.0/lib/tinyusb/src/device/usbd.c.obj
                0x10003ed0                usbd_edpt_release
 .text.usbd_edpt_xfer
                0x10003ef8       0x4c CMakeFiles/interrupcoes.dir/C_/Users/paola/.pico-sdk/sdk/2.1.0/lib/tinyusb/src/device/usbd.c.obj
                0x10003ef8                usbd_edpt_xfer
 .text.tud_control_status
                0x10003f44       0x2c CMakeFiles/interrupcoes.dir/C_/Users/paola/.pico-sdk/sdk/2.1.0/lib/tinyusb/src/device/usbd_control.c.obj
                0x10003f44                tud_control_status
 .text.tud_control_xfer
                0x10003f70       0xac CMakeFiles/interrupcoes.dir/C_/Users/paola/.pico-sdk/sdk/2.1.0/lib/tinyusb/src/device/usbd_control.c.obj
                0x10003f70                tud_control_xfer
 .text.usbd_control_reset
                0x1000401c       0x14 CMakeFiles/interrupcoes.dir/C_/Users/paola/.pico-sdk/sdk/2.1.0/lib/tinyusb/src/device/usbd_control.c.obj
                0x1000401c                usbd_control_reset
 .text.usbd_control_set_complete_callback
                0x10004030        0xc CMakeFiles/interrupcoes.dir/C_/Users/paola/.pico-sdk/sdk/2.1.0/lib/tinyusb/src/device/usbd_control.c.obj
                0x10004030                usbd_control_set_complete_callback
 .text.usbd_control_set_request
                0x1000403c       0x1c CMakeFiles/interrupcoes.dir/C_/Users/paola/.pico-sdk/sdk/2.1.0/lib/tinyusb/src/device/usbd_control.c.obj
                0x1000403c                usbd_control_set_request
 .text.usbd_control_xfer_cb
                0x10004058       0xec CMakeFiles/interrupcoes.dir/C_/Users/paola/.pico-sdk/sdk/2.1.0/lib/tinyusb/src/device/usbd_control.c.obj
                0x10004058                usbd_control_xfer_cb
 .text._prep_out_transaction.isra.0
                0x10004144       0x5c CMakeFiles/interrupcoes.dir/C_/Users/paola/.pico-sdk/sdk/2.1.0/lib/tinyusb/src/class/cdc/cdc_device.c.obj
 .text.tud_cdc_n_connected
                0x100041a0       0x30 CMakeFiles/interrupcoes.dir/C_/Users/paola/.pico-sdk/sdk/2.1.0/lib/tinyusb/src/class/cdc/cdc_device.c.obj
                0x100041a0                tud_cdc_n_connected
 .text.tud_cdc_n_available
                0x100041d0       0x18 CMakeFiles/interrupcoes.dir/C_/Users/paola/.pico-sdk/sdk/2.1.0/lib/tinyusb/src/class/cdc/cdc_device.c.obj
                0x100041d0                tud_cdc_n_available
 .text.tud_cdc_n_read
                0x100041e8       0x98 CMakeFiles/interrupcoes.dir/C_/Users/paola/.pico-sdk/sdk/2.1.0/lib/tinyusb/src/class/cdc/cdc_device.c.obj
                0x100041e8                tud_cdc_n_read
 .text.tud_cdc_n_write_flush
                0x10004280       0x78 CMakeFiles/interrupcoes.dir/C_/Users/paola/.pico-sdk/sdk/2.1.0/lib/tinyusb/src/class/cdc/cdc_device.c.obj
                0x10004280                tud_cdc_n_write_flush
 .text.tud_cdc_n_write
                0x100042f8       0x40 CMakeFiles/interrupcoes.dir/C_/Users/paola/.pico-sdk/sdk/2.1.0/lib/tinyusb/src/class/cdc/cdc_device.c.obj
                0x100042f8                tud_cdc_n_write
 .text.tud_cdc_n_write_available
                0x10004338       0x18 CMakeFiles/interrupcoes.dir/C_/Users/paola/.pico-sdk/sdk/2.1.0/lib/tinyusb/src/class/cdc/cdc_device.c.obj
                0x10004338                tud_cdc_n_write_available
 .text.cdcd_init
                0x10004350       0x7c CMakeFiles/interrupcoes.dir/C_/Users/paola/.pico-sdk/sdk/2.1.0/lib/tinyusb/src/class/cdc/cdc_device.c.obj
                0x10004350                cdcd_init
 .text.cdcd_deinit
                0x100043cc       0x34 CMakeFiles/interrupcoes.dir/C_/Users/paola/.pico-sdk/sdk/2.1.0/lib/tinyusb/src/class/cdc/cdc_device.c.obj
                0x100043cc                cdcd_deinit
 .text.cdcd_reset
                0x10004400       0x4c CMakeFiles/interrupcoes.dir/C_/Users/paola/.pico-sdk/sdk/2.1.0/lib/tinyusb/src/class/cdc/cdc_device.c.obj
                0x10004400                cdcd_reset
 .text.cdcd_open
                0x1000444c       0xb0 CMakeFiles/interrupcoes.dir/C_/Users/paola/.pico-sdk/sdk/2.1.0/lib/tinyusb/src/class/cdc/cdc_device.c.obj
                0x1000444c                cdcd_open
 .text.cdcd_control_xfer_cb
                0x100044fc       0xe4 CMakeFiles/interrupcoes.dir/C_/Users/paola/.pico-sdk/sdk/2.1.0/lib/tinyusb/src/class/cdc/cdc_device.c.obj
                0x100044fc                cdcd_control_xfer_cb
 .text.cdcd_xfer_cb
                0x100045e0      0x100 CMakeFiles/interrupcoes.dir/C_/Users/paola/.pico-sdk/sdk/2.1.0/lib/tinyusb/src/class/cdc/cdc_device.c.obj
                0x100045e0                cdcd_xfer_cb
 .text.vendord_init
                0x100046e0       0x5c CMakeFiles/interrupcoes.dir/C_/Users/paola/.pico-sdk/sdk/2.1.0/lib/tinyusb/src/class/vendor/vendor_device.c.obj
                0x100046e0                vendord_init
 .text.vendord_deinit
                0x1000473c       0x1c CMakeFiles/interrupcoes.dir/C_/Users/paola/.pico-sdk/sdk/2.1.0/lib/tinyusb/src/class/vendor/vendor_device.c.obj
                0x1000473c                vendord_deinit
 .text.vendord_reset
                0x10004758       0x20 CMakeFiles/interrupcoes.dir/C_/Users/paola/.pico-sdk/sdk/2.1.0/lib/tinyusb/src/class/vendor/vendor_device.c.obj
                0x10004758                vendord_reset
 .text.vendord_open
                0x10004778      0x138 CMakeFiles/interrupcoes.dir/C_/Users/paola/.pico-sdk/sdk/2.1.0/lib/tinyusb/src/class/vendor/vendor_device.c.obj
                0x10004778                vendord_open
 .text.vendord_xfer_cb
                0x100048b0       0x9c CMakeFiles/interrupcoes.dir/C_/Users/paola/.pico-sdk/sdk/2.1.0/lib/tinyusb/src/class/vendor/vendor_device.c.obj
                0x100048b0                vendord_xfer_cb
 .text.tusb_init
                0x1000494c        0xc CMakeFiles/interrupcoes.dir/C_/Users/paola/.pico-sdk/sdk/2.1.0/lib/tinyusb/src/tusb.c.obj
                0x1000494c                tusb_init
 .text.tu_edpt_claim
                0x10004958       0x50 CMakeFiles/interrupcoes.dir/C_/Users/paola/.pico-sdk/sdk/2.1.0/lib/tinyusb/src/tusb.c.obj
                0x10004958                tu_edpt_claim
 .text.tu_edpt_release
                0x100049a8       0x38 CMakeFiles/interrupcoes.dir/C_/Users/paola/.pico-sdk/sdk/2.1.0/lib/tinyusb/src/tusb.c.obj
                0x100049a8                tu_edpt_release
 .text.tu_edpt_validate
                0x100049e0       0x7c CMakeFiles/interrupcoes.dir/C_/Users/paola/.pico-sdk/sdk/2.1.0/lib/tinyusb/src/tusb.c.obj
                0x100049e0                tu_edpt_validate
 .text.tu_edpt_bind_driver
                0x10004a5c       0x34 CMakeFiles/interrupcoes.dir/C_/Users/paola/.pico-sdk/sdk/2.1.0/lib/tinyusb/src/tusb.c.obj
                0x10004a5c                tu_edpt_bind_driver
 .text.tu_edpt_stream_init
                0x10004a90       0x6c CMakeFiles/interrupcoes.dir/C_/Users/paola/.pico-sdk/sdk/2.1.0/lib/tinyusb/src/tusb.c.obj
                0x10004a90                tu_edpt_stream_init
 .text.tu_edpt_stream_deinit
                0x10004afc        0x4 CMakeFiles/interrupcoes.dir/C_/Users/paola/.pico-sdk/sdk/2.1.0/lib/tinyusb/src/tusb.c.obj
                0x10004afc                tu_edpt_stream_deinit
 .text.tu_edpt_stream_write_zlp_if_needed
                0x10004b00       0x68 CMakeFiles/interrupcoes.dir/C_/Users/paola/.pico-sdk/sdk/2.1.0/lib/tinyusb/src/tusb.c.obj
                0x10004b00                tu_edpt_stream_write_zlp_if_needed
 .text.tu_edpt_stream_write_xfer
                0x10004b68       0x64 CMakeFiles/interrupcoes.dir/C_/Users/paola/.pico-sdk/sdk/2.1.0/lib/tinyusb/src/tusb.c.obj
                0x10004b68                tu_edpt_stream_write_xfer
 .text.tu_edpt_stream_read_xfer
                0x10004bcc       0xdc CMakeFiles/interrupcoes.dir/C_/Users/paola/.pico-sdk/sdk/2.1.0/lib/tinyusb/src/tusb.c.obj
                0x10004bcc                tu_edpt_stream_read_xfer
 .text.tu_fifo_config
                0x10004ca8       0x6c CMakeFiles/interrupcoes.dir/C_/Users/paola/.pico-sdk/sdk/2.1.0/lib/tinyusb/src/common/tusb_fifo.c.obj
                0x10004ca8                tu_fifo_config
 .text.tu_fifo_count
                0x10004d14       0x2c CMakeFiles/interrupcoes.dir/C_/Users/paola/.pico-sdk/sdk/2.1.0/lib/tinyusb/src/common/tusb_fifo.c.obj
                0x10004d14                tu_fifo_count
 .text.tu_fifo_empty
                0x10004d40       0x10 CMakeFiles/interrupcoes.dir/C_/Users/paola/.pico-sdk/sdk/2.1.0/lib/tinyusb/src/common/tusb_fifo.c.obj
                0x10004d40                tu_fifo_empty
 .text.tu_fifo_remaining
                0x10004d50       0x2c CMakeFiles/interrupcoes.dir/C_/Users/paola/.pico-sdk/sdk/2.1.0/lib/tinyusb/src/common/tusb_fifo.c.obj
                0x10004d50                tu_fifo_remaining
 .text.tu_fifo_read
                0x10004d7c       0x9c CMakeFiles/interrupcoes.dir/C_/Users/paola/.pico-sdk/sdk/2.1.0/lib/tinyusb/src/common/tusb_fifo.c.obj
                0x10004d7c                tu_fifo_read
 .text.tu_fifo_read_n
                0x10004e18       0xe8 CMakeFiles/interrupcoes.dir/C_/Users/paola/.pico-sdk/sdk/2.1.0/lib/tinyusb/src/common/tusb_fifo.c.obj
                0x10004e18                tu_fifo_read_n
 .text.tu_fifo_write
                0x10004f00       0xa8 CMakeFiles/interrupcoes.dir/C_/Users/paola/.pico-sdk/sdk/2.1.0/lib/tinyusb/src/common/tusb_fifo.c.obj
                0x10004f00                tu_fifo_write
 .text.tu_fifo_write_n
                0x10004fa8      0x178 CMakeFiles/interrupcoes.dir/C_/Users/paola/.pico-sdk/sdk/2.1.0/lib/tinyusb/src/common/tusb_fifo.c.obj
                0x10004fa8                tu_fifo_write_n
 .text.tu_fifo_clear
                0x10005120       0x40 CMakeFiles/interrupcoes.dir/C_/Users/paola/.pico-sdk/sdk/2.1.0/lib/tinyusb/src/common/tusb_fifo.c.obj
                0x10005120                tu_fifo_clear
 .text.tu_fifo_set_overwritable
                0x10005160       0x48 CMakeFiles/interrupcoes.dir/C_/Users/paola/.pico-sdk/sdk/2.1.0/lib/tinyusb/src/common/tusb_fifo.c.obj
                0x10005160                tu_fifo_set_overwritable
 .text.pio_add_program
                0x100051a8      0x104 CMakeFiles/interrupcoes.dir/C_/Users/paola/.pico-sdk/sdk/2.1.0/src/rp2_common/hardware_pio/pio.c.obj
                0x100051a8                pio_add_program
 .text.pio_sm_set_consecutive_pindirs
                0x100052ac       0xb4 CMakeFiles/interrupcoes.dir/C_/Users/paola/.pico-sdk/sdk/2.1.0/src/rp2_common/hardware_pio/pio.c.obj
                0x100052ac                pio_sm_set_consecutive_pindirs
 .text.pio_sm_init
                0x10005360       0x9c CMakeFiles/interrupcoes.dir/C_/Users/paola/.pico-sdk/sdk/2.1.0/src/rp2_common/hardware_pio/pio.c.obj
                0x10005360                pio_sm_init
 .text.strlen   0x100053fc       0x5c C:/Users/paola/.pico-sdk/toolchain/13_3_Rel1/bin/../lib/gcc/arm-none-eabi/13.3.1/thumb/v6-m/nofp\libg.a(libc_a-strlen-stub.o)
                0x100053fc                strlen
 *(.fini)
 .fini          0x10005458        0x4 C:/Users/paola/.pico-sdk/toolchain/13_3_Rel1/bin/../lib/gcc/arm-none-eabi/13.3.1/thumb/v6-m/nofp/crti.o
                0x10005458                _fini
 *fill*         0x1000545c        0x4 
 .fini.__stub   0x10005460       0xc0 linker stubs
 *crtbegin.o(.ctors)
 *crtbegin?.o(.ctors)
 *(EXCLUDE_FILE(*crtend.o *crtend?.o) .ctors)
 *(SORT_BY_NAME(.ctors.*))
 *(.ctors)
 *crtbegin.o(.dtors)
 *crtbegin?.o(.dtors)
 *(EXCLUDE_FILE(*crtend.o *crtend?.o) .dtors)
 *(SORT_BY_NAME(.dtors.*))
 *(.dtors)
                0x10005520                        . = ALIGN (0x4)
                0x10005520                        PROVIDE (__preinit_array_start = .)
 *(SORT_BY_NAME(.preinit_array.*))
 .preinit_array.00100
                0x10005520        0x4 CMakeFiles/interrupcoes.dir/C_/Users/paola/.pico-sdk/sdk/2.1.0/src/rp2_common/pico_runtime_init/runtime_init.c.obj
                0x10005520                __pre_init_runtime_init_early_resets
 .preinit_array.00101
                0x10005524        0x4 CMakeFiles/interrupcoes.dir/C_/Users/paola/.pico-sdk/sdk/2.1.0/src/rp2_common/pico_runtime_init/runtime_init.c.obj
                0x10005524                __pre_init_runtime_init_usb_power_down
 .preinit_array.00275
                0x10005528        0x4 CMakeFiles/interrupcoes.dir/C_/Users/paola/.pico-sdk/sdk/2.1.0/src/rp2_common/pico_bit_ops/bit_ops_aeabi.S.obj
 .preinit_array.00300
                0x1000552c        0x4 CMakeFiles/interrupcoes.dir/C_/Users/paola/.pico-sdk/sdk/2.1.0/src/rp2_common/pico_mem_ops/mem_ops_aeabi.S.obj
 .preinit_array.00350
                0x10005530        0x4 CMakeFiles/interrupcoes.dir/C_/Users/paola/.pico-sdk/sdk/2.1.0/src/rp2_common/pico_double/double_aeabi_rp2040.S.obj
 .preinit_array.00350
                0x10005534        0x4 CMakeFiles/interrupcoes.dir/C_/Users/paola/.pico-sdk/sdk/2.1.0/src/rp2_common/pico_float/float_aeabi_rp2040.S.obj
 .preinit_array.00500
                0x10005538        0x4 CMakeFiles/interrupcoes.dir/C_/Users/paola/.pico-sdk/sdk/2.1.0/src/rp2_common/pico_runtime_init/runtime_init.c.obj
                0x10005538                __pre_init_runtime_init_clocks
 .preinit_array.00600
                0x1000553c        0x4 CMakeFiles/interrupcoes.dir/C_/Users/paola/.pico-sdk/sdk/2.1.0/src/rp2_common/pico_runtime_init/runtime_init.c.obj
                0x1000553c                __pre_init_runtime_init_post_clock_resets
 .preinit_array.00700
                0x10005540        0x4 CMakeFiles/interrupcoes.dir/C_/Users/paola/.pico-sdk/sdk/2.1.0/src/rp2_common/pico_runtime_init/runtime_init.c.obj
                0x10005540                __pre_init_runtime_init_rp2040_gpio_ie_disable
 .preinit_array.01000
                0x10005544        0x4 CMakeFiles/interrupcoes.dir/C_/Users/paola/.pico-sdk/sdk/2.1.0/src/rp2_common/pico_runtime_init/runtime_init.c.obj
                0x10005544                __pre_init_runtime_init_spin_locks_reset
 .preinit_array.01100
                0x10005548        0x4 CMakeFiles/interrupcoes.dir/C_/Users/paola/.pico-sdk/sdk/2.1.0/src/common/pico_sync/mutex.c.obj
                0x10005548                __pre_init_runtime_init_mutex
 .preinit_array.10080
                0x1000554c        0x4 CMakeFiles/interrupcoes.dir/C_/Users/paola/.pico-sdk/sdk/2.1.0/src/rp2_common/pico_runtime_init/runtime_init.c.obj
                0x1000554c                __pre_init_runtime_init_install_ram_vector_table
 .preinit_array.11000
                0x10005550        0x4 CMakeFiles/interrupcoes.dir/C_/Users/paola/.pico-sdk/sdk/2.1.0/src/common/pico_time/time.c.obj
                0x10005550                __pre_init_runtime_init_default_alarm_pool
 .preinit_array.YYYYY
                0x10005554        0x4 CMakeFiles/interrupcoes.dir/C_/Users/paola/.pico-sdk/sdk/2.1.0/src/rp2_common/pico_runtime/runtime.c.obj
                0x10005554                __pre_init_first_per_core_initializer
 .preinit_array.ZZZZZ.01200
                0x10005558        0x4 CMakeFiles/interrupcoes.dir/C_/Users/paola/.pico-sdk/sdk/2.1.0/src/rp2_common/hardware_irq/irq.c.obj
                0x10005558                __pre_init_runtime_init_per_core_irq_priorities
 *(.preinit_array)
                0x1000555c                        PROVIDE (__preinit_array_end = .)
                0x1000555c                        . = ALIGN (0x4)
                0x1000555c                        PROVIDE (__init_array_start = .)
 *(SORT_BY_NAME(.init_array.*))
 *(.init_array)
 .init_array    0x1000555c        0x4 C:/Users/paola/.pico-sdk/toolchain/13_3_Rel1/bin/../lib/gcc/arm-none-eabi/13.3.1/thumb/v6-m/nofp/crtbegin.o
 .init_array    0x10005560        0x4 CMakeFiles/interrupcoes.dir/C_/Users/paola/.pico-sdk/sdk/2.1.0/src/rp2_common/pico_unique_id/unique_id.c.obj
                0x10005564                        PROVIDE (__init_array_end = .)
                0x10005564                        . = ALIGN (0x4)
                [!provide]                        PROVIDE (__fini_array_start = .)
 *(SORT_BY_NAME(.fini_array.*))
 *(.fini_array)
                [!provide]                        PROVIDE (__fini_array_end = .)
 *(.eh_frame*)
 .eh_frame      0x10005564        0x0 C:/Users/paola/.pico-sdk/toolchain/13_3_Rel1/bin/../lib/gcc/arm-none-eabi/13.3.1/thumb/v6-m/nofp/crtbegin.o
                0x10005564                        . = ALIGN (0x4)

.glue_7         0x10005564        0x0
 .glue_7        0x10005564        0x0 linker stubs

.glue_7t        0x10005564        0x0
 .glue_7t       0x10005564        0x0 linker stubs

.vfp11_veneer   0x10005564        0x0
 .vfp11_veneer  0x10005564        0x0 linker stubs

.v4_bx          0x10005564        0x0
 .v4_bx         0x10005564        0x0 linker stubs

.iplt           0x10005564        0x0
 .iplt          0x10005564        0x0 C:/Users/paola/.pico-sdk/toolchain/13_3_Rel1/bin/../lib/gcc/arm-none-eabi/13.3.1/thumb/v6-m/nofp/crtbegin.o

.rodata         0x10005564      0x44c
 *(EXCLUDE_FILE(*libm.a: *libc.a:*lib_a-mem*.o *libgcc.a:) .rodata*)
 .rodata.ws2812_program
                0x10005564        0x8 CMakeFiles/interrupcoes.dir/interrupcoes.c.obj
 .rodata.ws2812_program_instructions
                0x1000556c        0x8 CMakeFiles/interrupcoes.dir/interrupcoes.c.obj
 .rodata.panic.str1.4
                0x10005574      0x178 CMakeFiles/interrupcoes.dir/C_/Users/paola/.pico-sdk/sdk/2.1.0/src/rp2_common/pico_platform_panic/panic.c.obj
                                 0x12 (size before relaxing)
 .rodata.spin_lock_claim_unused.str1.4
                0x100056ec       0x1b CMakeFiles/interrupcoes.dir/C_/Users/paola/.pico-sdk/sdk/2.1.0/src/rp2_common/hardware_sync/sync.c.obj
 .rodata.user_irq_claim_unused.str1.4
                0x100056ec       0x1b CMakeFiles/interrupcoes.dir/C_/Users/paola/.pico-sdk/sdk/2.1.0/src/rp2_common/hardware_irq/irq.c.obj
 .rodata.timer_hardware_alarm_claim.str1.4
                0x100056ec       0x22 CMakeFiles/interrupcoes.dir/C_/Users/paola/.pico-sdk/sdk/2.1.0/src/rp2_common/hardware_timer/timer.c.obj
 .rodata.hard_assertion_failure.str1.4
                0x100056ec        0xc CMakeFiles/interrupcoes.dir/C_/Users/paola/.pico-sdk/sdk/2.1.0/src/rp2_common/pico_runtime/runtime.c.obj
 .rodata.missing_double_func_shim.str1.4
                0x100056ec       0x18 CMakeFiles/interrupcoes.dir/C_/Users/paola/.pico-sdk/sdk/2.1.0/src/rp2_common/pico_double/double_init_rom_rp2040.c.obj
 .rodata.missing_float_func_shim.str1.4
                0x100056ec        0x1 CMakeFiles/interrupcoes.dir/C_/Users/paola/.pico-sdk/sdk/2.1.0/src/rp2_common/pico_float/float_init_rom_rp2040.c.obj
 .rodata.str1.4
                0x100056ec       0x48 CMakeFiles/interrupcoes.dir/C_/Users/paola/.pico-sdk/sdk/2.1.0/src/rp2_common/pico_standard_binary_info/standard_binary_info.c.obj
 .rodata.__bi_84
                0x100056ec        0xc CMakeFiles/interrupcoes.dir/C_/Users/paola/.pico-sdk/sdk/2.1.0/src/rp2_common/pico_standard_binary_info/standard_binary_info.c.obj
 .rodata.__bi_78
                0x100056f8        0xc CMakeFiles/interrupcoes.dir/C_/Users/paola/.pico-sdk/sdk/2.1.0/src/rp2_common/pico_standard_binary_info/standard_binary_info.c.obj
 .rodata.__bi_60
                0x10005704        0xc CMakeFiles/interrupcoes.dir/C_/Users/paola/.pico-sdk/sdk/2.1.0/src/rp2_common/pico_standard_binary_info/standard_binary_info.c.obj
 .rodata.__bi_54
                0x10005710        0xc CMakeFiles/interrupcoes.dir/C_/Users/paola/.pico-sdk/sdk/2.1.0/src/rp2_common/pico_standard_binary_info/standard_binary_info.c.obj
 .rodata.__bi_48
                0x1000571c        0xc CMakeFiles/interrupcoes.dir/C_/Users/paola/.pico-sdk/sdk/2.1.0/src/rp2_common/pico_standard_binary_info/standard_binary_info.c.obj
 .rodata.__bi_42
                0x10005728        0xc CMakeFiles/interrupcoes.dir/C_/Users/paola/.pico-sdk/sdk/2.1.0/src/rp2_common/pico_standard_binary_info/standard_binary_info.c.obj
 .rodata.__bi_34
                0x10005734        0xc CMakeFiles/interrupcoes.dir/C_/Users/paola/.pico-sdk/sdk/2.1.0/src/rp2_common/pico_standard_binary_info/standard_binary_info.c.obj
 .rodata.__bi_26
                0x10005740        0xc CMakeFiles/interrupcoes.dir/C_/Users/paola/.pico-sdk/sdk/2.1.0/src/rp2_common/pico_standard_binary_info/standard_binary_info.c.obj
 .rodata.crlf_str.0
                0x1000574c        0x2 CMakeFiles/interrupcoes.dir/C_/Users/paola/.pico-sdk/sdk/2.1.0/src/rp2_common/pico_stdio/stdio.c.obj
 *fill*         0x1000574e        0x2 
 .rodata._resetd_driver
                0x10005750       0x20 CMakeFiles/interrupcoes.dir/C_/Users/paola/.pico-sdk/sdk/2.1.0/src/rp2_common/pico_stdio_usb/reset_interface.c.obj
 .rodata.desc_ms_os_20
                0x10005770       0xa6 CMakeFiles/interrupcoes.dir/C_/Users/paola/.pico-sdk/sdk/2.1.0/src/rp2_common/pico_stdio_usb/reset_interface.c.obj
 *fill*         0x10005816        0x2 
 .rodata.desc_bos
                0x10005818       0x21 CMakeFiles/interrupcoes.dir/C_/Users/paola/.pico-sdk/sdk/2.1.0/src/rp2_common/pico_stdio_usb/reset_interface.c.obj
                0x10005818                desc_bos
 .rodata.str1.4
                0x10005839       0x13 CMakeFiles/interrupcoes.dir/C_/Users/paola/.pico-sdk/sdk/2.1.0/src/rp2_common/pico_stdio_usb/stdio_usb.c.obj
 *fill*         0x10005839        0x3 
 .rodata.__bi_197.0
                0x1000583c        0xc CMakeFiles/interrupcoes.dir/C_/Users/paola/.pico-sdk/sdk/2.1.0/src/rp2_common/pico_stdio_usb/stdio_usb.c.obj
 .rodata.str1.4
                0x10005848       0x2a CMakeFiles/interrupcoes.dir/C_/Users/paola/.pico-sdk/sdk/2.1.0/src/rp2_common/pico_stdio_usb/stdio_usb_descriptors.c.obj
 .rodata.usbd_desc_str
                0x10005848       0x18 CMakeFiles/interrupcoes.dir/C_/Users/paola/.pico-sdk/sdk/2.1.0/src/rp2_common/pico_stdio_usb/stdio_usb_descriptors.c.obj
 .rodata.usbd_desc_cfg
                0x10005860       0x54 CMakeFiles/interrupcoes.dir/C_/Users/paola/.pico-sdk/sdk/2.1.0/src/rp2_common/pico_stdio_usb/stdio_usb_descriptors.c.obj
 .rodata.usbd_desc_device
                0x100058b4       0x12 CMakeFiles/interrupcoes.dir/C_/Users/paola/.pico-sdk/sdk/2.1.0/src/rp2_common/pico_stdio_usb/stdio_usb_descriptors.c.obj
 .rodata.str1.4
                0x100058c6       0x14 CMakeFiles/interrupcoes.dir/C_/Users/paola/.pico-sdk/sdk/2.1.0/lib/tinyusb/src/portable/raspberrypi/rp2040/dcd_rp2040.c.obj
 .rodata.str1.4
                0x100058c6       0x48 CMakeFiles/interrupcoes.dir/C_/Users/paola/.pico-sdk/sdk/2.1.0/lib/tinyusb/src/portable/raspberrypi/rp2040/rp2040_usb.c.obj
 *fill*         0x100058c6        0x2 
 .rodata.tud_task_ext
                0x100058c8       0x8c CMakeFiles/interrupcoes.dir/C_/Users/paola/.pico-sdk/sdk/2.1.0/lib/tinyusb/src/device/usbd.c.obj
 .rodata        0x10005954       0x1c CMakeFiles/interrupcoes.dir/C_/Users/paola/.pico-sdk/sdk/2.1.0/lib/tinyusb/src/device/usbd.c.obj
 .rodata._usbd_driver
                0x10005970       0x40 CMakeFiles/interrupcoes.dir/C_/Users/paola/.pico-sdk/sdk/2.1.0/lib/tinyusb/src/device/usbd.c.obj
                0x100059b0                        . = ALIGN (0x4)
 *(SORT_BY_ALIGNMENT(SORT_BY_NAME(.flashdata*)))
                0x100059b0                        . = ALIGN (0x4)

.ARM.extab
 *(.ARM.extab* .gnu.linkonce.armextab.*)
                0x100059b0                        __exidx_start = .

.ARM.exidx
 *(.ARM.exidx* .gnu.linkonce.armexidx.*)
                0x100059b0                        __exidx_end = .
                0x100059b0                        . = ALIGN (0x4)
                0x100059b0                        __binary_info_start = .

.binary_info    0x100059b0       0x24
 *(.binary_info.keep.*)
 .binary_info.keep.__bi_ptr84
                0x100059b0        0x4 CMakeFiles/interrupcoes.dir/C_/Users/paola/.pico-sdk/sdk/2.1.0/src/rp2_common/pico_standard_binary_info/standard_binary_info.c.obj
 .binary_info.keep.__bi_ptr78
                0x100059b4        0x4 CMakeFiles/interrupcoes.dir/C_/Users/paola/.pico-sdk/sdk/2.1.0/src/rp2_common/pico_standard_binary_info/standard_binary_info.c.obj
 .binary_info.keep.__bi_ptr60
                0x100059b8        0x4 CMakeFiles/interrupcoes.dir/C_/Users/paola/.pico-sdk/sdk/2.1.0/src/rp2_common/pico_standard_binary_info/standard_binary_info.c.obj
 .binary_info.keep.__bi_ptr54
                0x100059bc        0x4 CMakeFiles/interrupcoes.dir/C_/Users/paola/.pico-sdk/sdk/2.1.0/src/rp2_common/pico_standard_binary_info/standard_binary_info.c.obj
 .binary_info.keep.__bi_ptr48
                0x100059c0        0x4 CMakeFiles/interrupcoes.dir/C_/Users/paola/.pico-sdk/sdk/2.1.0/src/rp2_common/pico_standard_binary_info/standard_binary_info.c.obj
 .binary_info.keep.__bi_ptr42
                0x100059c4        0x4 CMakeFiles/interrupcoes.dir/C_/Users/paola/.pico-sdk/sdk/2.1.0/src/rp2_common/pico_standard_binary_info/standard_binary_info.c.obj
 .binary_info.keep.__bi_ptr34
                0x100059c8        0x4 CMakeFiles/interrupcoes.dir/C_/Users/paola/.pico-sdk/sdk/2.1.0/src/rp2_common/pico_standard_binary_info/standard_binary_info.c.obj
 .binary_info.keep.__bi_ptr26
                0x100059cc        0x4 CMakeFiles/interrupcoes.dir/C_/Users/paola/.pico-sdk/sdk/2.1.0/src/rp2_common/pico_standard_binary_info/standard_binary_info.c.obj
 *(.binary_info.*)
 .binary_info.__bi_ptr197
                0x100059d0        0x4 CMakeFiles/interrupcoes.dir/C_/Users/paola/.pico-sdk/sdk/2.1.0/src/rp2_common/pico_stdio_usb/stdio_usb.c.obj
                0x100059d4                        __binary_info_end = .

.rel.dyn        0x100059d4        0x0
 .rel.iplt      0x100059d4        0x0 C:/Users/paola/.pico-sdk/toolchain/13_3_Rel1/bin/../lib/gcc/arm-none-eabi/13.3.1/thumb/v6-m/nofp/crtbegin.o
                0x100059d4                        . = ALIGN (0x4)

.ram_vector_table
                0x20000000       0xc0
 *(.ram_vector_table)
 .ram_vector_table
                0x20000000       0xc0 CMakeFiles/interrupcoes.dir/C_/Users/paola/.pico-sdk/sdk/2.1.0/src/rp2_common/pico_runtime_init/runtime_init.c.obj
                0x20000000                ram_vector_table

.uninitialized_data
                0x200000c0        0x0
                0x200000c0                        . = ALIGN (0x4)
 *(.uninitialized_data*)

.data           0x200000c0     0x10a0 load address 0x100059d4
                0x200000c0                        __data_start__ = .
 *(vtable)
 *(.time_critical*)
 .time_critical.mutex_try_enter
                0x200000c0       0x40 CMakeFiles/interrupcoes.dir/C_/Users/paola/.pico-sdk/sdk/2.1.0/src/common/pico_sync/mutex.c.obj
                0x200000c0                mutex_try_enter
 .time_critical.mutex_try_enter_block_until
                0x20000100       0x9c CMakeFiles/interrupcoes.dir/C_/Users/paola/.pico-sdk/sdk/2.1.0/src/common/pico_sync/mutex.c.obj
                0x20000100                mutex_try_enter_block_until
 .time_critical.mutex_enter_timeout_ms
                0x2000019c       0x90 CMakeFiles/interrupcoes.dir/C_/Users/paola/.pico-sdk/sdk/2.1.0/src/common/pico_sync/mutex.c.obj
                0x2000019c                mutex_enter_timeout_ms
 .time_critical.mutex_exit
                0x2000022c       0x28 CMakeFiles/interrupcoes.dir/C_/Users/paola/.pico-sdk/sdk/2.1.0/src/common/pico_sync/mutex.c.obj
                0x2000022c                mutex_exit
 .time_critical.flash_init_boot2_copyout
                0x20000254       0x30 CMakeFiles/interrupcoes.dir/C_/Users/paola/.pico-sdk/sdk/2.1.0/src/rp2_common/hardware_flash/flash.c.obj
 .time_critical.flash_enable_xip_via_boot2
                0x20000284        0xc CMakeFiles/interrupcoes.dir/C_/Users/paola/.pico-sdk/sdk/2.1.0/src/rp2_common/hardware_flash/flash.c.obj
 .time_critical.flash_cs_force
                0x20000290       0x38 CMakeFiles/interrupcoes.dir/C_/Users/paola/.pico-sdk/sdk/2.1.0/src/rp2_common/hardware_flash/flash.c.obj
 .time_critical.flash_do_cmd
                0x200002c8       0xc0 CMakeFiles/interrupcoes.dir/C_/Users/paola/.pico-sdk/sdk/2.1.0/src/rp2_common/hardware_flash/flash.c.obj
                0x200002c8                flash_do_cmd
 .time_critical.reset_non_control_endpoints
                0x20000388       0x68 CMakeFiles/interrupcoes.dir/C_/Users/paola/.pico-sdk/sdk/2.1.0/lib/tinyusb/src/portable/raspberrypi/rp2040/dcd_rp2040.c.obj
 .time_critical.hw_handle_buff_status
                0x200003f0       0xb0 CMakeFiles/interrupcoes.dir/C_/Users/paola/.pico-sdk/sdk/2.1.0/lib/tinyusb/src/portable/raspberrypi/rp2040/dcd_rp2040.c.obj
 .time_critical.dcd_rp2040_irq
                0x200004a0      0x578 CMakeFiles/interrupcoes.dir/C_/Users/paola/.pico-sdk/sdk/2.1.0/lib/tinyusb/src/portable/raspberrypi/rp2040/dcd_rp2040.c.obj
 .time_critical.prepare_ep_buffer
                0x20000a18       0xe0 CMakeFiles/interrupcoes.dir/C_/Users/paola/.pico-sdk/sdk/2.1.0/lib/tinyusb/src/portable/raspberrypi/rp2040/rp2040_usb.c.obj
 .time_critical.sync_ep_buffer
                0x20000af8       0xa8 CMakeFiles/interrupcoes.dir/C_/Users/paola/.pico-sdk/sdk/2.1.0/lib/tinyusb/src/portable/raspberrypi/rp2040/rp2040_usb.c.obj
 .time_critical._hw_endpoint_xfer_sync
                0x20000ba0       0x28 CMakeFiles/interrupcoes.dir/C_/Users/paola/.pico-sdk/sdk/2.1.0/lib/tinyusb/src/portable/raspberrypi/rp2040/rp2040_usb.c.obj
 .time_critical.e15_is_bulkin_ep
                0x20000bc8       0x28 CMakeFiles/interrupcoes.dir/C_/Users/paola/.pico-sdk/sdk/2.1.0/lib/tinyusb/src/portable/raspberrypi/rp2040/rp2040_usb.c.obj
 .time_critical.e15_is_critical_frame_period
                0x20000bf0       0x34 CMakeFiles/interrupcoes.dir/C_/Users/paola/.pico-sdk/sdk/2.1.0/lib/tinyusb/src/portable/raspberrypi/rp2040/rp2040_usb.c.obj
 .time_critical.hw_endpoint_reset_transfer
                0x20000c24        0xc CMakeFiles/interrupcoes.dir/C_/Users/paola/.pico-sdk/sdk/2.1.0/lib/tinyusb/src/portable/raspberrypi/rp2040/rp2040_usb.c.obj
                0x20000c24                hw_endpoint_reset_transfer
 .time_critical._hw_endpoint_buffer_control_update32
                0x20000c30       0x50 CMakeFiles/interrupcoes.dir/C_/Users/paola/.pico-sdk/sdk/2.1.0/lib/tinyusb/src/portable/raspberrypi/rp2040/rp2040_usb.c.obj
                0x20000c30                _hw_endpoint_buffer_control_update32
 .time_critical.hw_endpoint_start_next_buffer
                0x20000c80       0x6c CMakeFiles/interrupcoes.dir/C_/Users/paola/.pico-sdk/sdk/2.1.0/lib/tinyusb/src/portable/raspberrypi/rp2040/rp2040_usb.c.obj
                0x20000c80                hw_endpoint_start_next_buffer
 .time_critical.hw_endpoint_xfer_continue
                0x20000cec       0x40 CMakeFiles/interrupcoes.dir/C_/Users/paola/.pico-sdk/sdk/2.1.0/lib/tinyusb/src/portable/raspberrypi/rp2040/rp2040_usb.c.obj
                0x20000cec                hw_endpoint_xfer_continue
 .time_critical.tinyusb
                0x20000d2c      0x1e4 CMakeFiles/interrupcoes.dir/C_/Users/paola/.pico-sdk/sdk/2.1.0/lib/tinyusb/src/device/usbd.c.obj
                0x20000d2c                dcd_event_handler
 *(.text*)
 .text          0x20000f10        0x4 C:/Users/paola/.pico-sdk/toolchain/13_3_Rel1/bin/../lib/gcc/arm-none-eabi/13.3.1/thumb/v6-m/nofp\libgcc.a(_dvmd_tls.o)
                0x20000f10                __aeabi_idiv0
                0x20000f10                __aeabi_ldiv0
 *fill*         0x20000f14        0x4 
 .text.__stub   0x20000f18       0x80 linker stubs
                0x20000f98                        . = ALIGN (0x4)
 *(.rodata*)
                0x20000f98                        . = ALIGN (0x4)
 *(.data*)
 .data.numeros  0x20000f98       0xfa CMakeFiles/interrupcoes.dir/interrupcoes.c.obj
                0x20000f98                numeros
 .data.leds_ligados
                0x20001092        0x1 CMakeFiles/interrupcoes.dir/interrupcoes.c.obj
                0x20001092                leds_ligados
 .data.striped_spin_lock_num
                0x20001093        0x1 CMakeFiles/interrupcoes.dir/C_/Users/paola/.pico-sdk/sdk/2.1.0/src/rp2_common/hardware_sync/sync.c.obj
 .data          0x20001094       0x48 CMakeFiles/interrupcoes.dir/C_/Users/paola/.pico-sdk/sdk/2.1.0/src/rp2_common/hardware_irq/irq_handler_chain.S.obj
                0x20001094                irq_handler_chain_slots
                0x200010c4                irq_handler_chain_first_slot
                0x200010ce                irq_handler_chain_remove_tail
 .data.default_alarm_pool
                0x200010dc       0x18 CMakeFiles/interrupcoes.dir/C_/Users/paola/.pico-sdk/sdk/2.1.0/src/common/pico_time/time.c.obj
 *fill*         0x200010f4        0xc 
 .data.aeabi_bits_funcs
                0x20001100       0x10 CMakeFiles/interrupcoes.dir/C_/Users/paola/.pico-sdk/sdk/2.1.0/src/rp2_common/pico_bit_ops/bit_ops_aeabi.S.obj
                0x20001100                aeabi_bits_funcs
                0x20001110                aeabi_bits_funcs_end
 .data.aeabi_mem_funcs
                0x20001110       0x10 CMakeFiles/interrupcoes.dir/C_/Users/paola/.pico-sdk/sdk/2.1.0/src/rp2_common/pico_mem_ops/mem_ops_aeabi.S.obj
                0x20001110                aeabi_mem_funcs
                0x20001120                aeabi_mem_funcs_end
 .data.stdio_usb
                0x20001120       0x18 CMakeFiles/interrupcoes.dir/C_/Users/paola/.pico-sdk/sdk/2.1.0/src/rp2_common/pico_stdio_usb/stdio_usb.c.obj
                0x20001120                stdio_usb
 .data._usbd_qdef
                0x20001138       0x1c CMakeFiles/interrupcoes.dir/C_/Users/paola/.pico-sdk/sdk/2.1.0/lib/tinyusb/src/device/usbd.c.obj
                0x20001138                _usbd_qdef
 .data._usbd_rhport
                0x20001154        0x1 CMakeFiles/interrupcoes.dir/C_/Users/paola/.pico-sdk/sdk/2.1.0/lib/tinyusb/src/device/usbd.c.obj
                0x20001158                        . = ALIGN (0x4)
 *fill*         0x20001155        0x3 
 *(.after_data.*)
                0x20001158                        . = ALIGN (0x4)
                0x20001158                        PROVIDE (__mutex_array_start = .)
 *(SORT_BY_NAME(.mutex_array.*))
 *(.mutex_array)
 .mutex_array   0x20001158        0x8 CMakeFiles/interrupcoes.dir/C_/Users/paola/.pico-sdk/sdk/2.1.0/src/rp2_common/pico_stdio/stdio.c.obj
                0x20001160                        PROVIDE (__mutex_array_end = .)
                0x20001160                        . = ALIGN (0x4)
 *(.jcr)
                0x20001160                        . = ALIGN (0x4)

.tm_clone_table
                0x20001160        0x0 load address 0x10006a74
 .tm_clone_table
                0x20001160        0x0 C:/Users/paola/.pico-sdk/toolchain/13_3_Rel1/bin/../lib/gcc/arm-none-eabi/13.3.1/thumb/v6-m/nofp/crtbegin.o
 .tm_clone_table
                0x20001160        0x0 C:/Users/paola/.pico-sdk/toolchain/13_3_Rel1/bin/../lib/gcc/arm-none-eabi/13.3.1/thumb/v6-m/nofp/crtend.o

.igot.plt       0x20001160        0x0 load address 0x10006a74
 .igot.plt      0x20001160        0x0 C:/Users/paola/.pico-sdk/toolchain/13_3_Rel1/bin/../lib/gcc/arm-none-eabi/13.3.1/thumb/v6-m/nofp/crtbegin.o

.tdata          0x20001160        0x0 load address 0x10006a74
                0x20001160                        . = ALIGN (0x4)
 *(.tdata .tdata.* .gnu.linkonce.td.*)
                0x20001160                        __tdata_end = .
                0x20001160                        PROVIDE (__data_end__ = .)
                0x100059d4                        __etext = LOADADDR (.data)

.tbss           0x20001160        0x0 load address 0x10006a74
                0x20001160                        . = ALIGN (0x4)
                0x20001160                        __bss_start__ = .
                0x20001160                        __tls_base = .
 *(.tbss .tbss.* .gnu.linkonce.tb.*)
 *(.tcommon)
                0x20001160                        __tls_end = .

.bss            0x20001160     0x10bc load address 0x10006a74
                0x20001160                        . = ALIGN (0x4)
                0x20001160                        __tbss_end = .
 *(SORT_BY_ALIGNMENT(SORT_BY_NAME(.bss*)))
 .bss.default_alarm_pool_entries
                0x20001160      0x180 CMakeFiles/interrupcoes.dir/C_/Users/paola/.pico-sdk/sdk/2.1.0/src/common/pico_time/time.c.obj
 .bss.last_avail_time.1
                0x200012e0        0x8 CMakeFiles/interrupcoes.dir/C_/Users/paola/.pico-sdk/sdk/2.1.0/src/rp2_common/pico_stdio_usb/stdio_usb.c.obj
 .bss.sd_table  0x200012e8      0x100 CMakeFiles/interrupcoes.dir/C_/Users/paola/.pico-sdk/sdk/2.1.0/src/rp2_common/pico_double/double_init_rom_rp2040.c.obj
                0x200012e8                sd_table
 .bss._app_driver
                0x200013e8        0x4 CMakeFiles/interrupcoes.dir/C_/Users/paola/.pico-sdk/sdk/2.1.0/lib/tinyusb/src/device/usbd.c.obj
 .bss._cdcd_fifo_cfg
                0x200013ec        0x1 CMakeFiles/interrupcoes.dir/C_/Users/paola/.pico-sdk/sdk/2.1.0/lib/tinyusb/src/class/cdc/cdc_device.c.obj
 *fill*         0x200013ed        0x3 
 .bss._cdcd_itf
                0x200013f0      0x2c8 CMakeFiles/interrupcoes.dir/C_/Users/paola/.pico-sdk/sdk/2.1.0/lib/tinyusb/src/class/cdc/cdc_device.c.obj
 .bss._ctrl_xfer
                0x200016b8       0x14 CMakeFiles/interrupcoes.dir/C_/Users/paola/.pico-sdk/sdk/2.1.0/lib/tinyusb/src/device/usbd_control.c.obj
 .bss._ubsd_mutexdef
                0x200016cc        0x8 CMakeFiles/interrupcoes.dir/C_/Users/paola/.pico-sdk/sdk/2.1.0/lib/tinyusb/src/device/usbd.c.obj
 .bss._usbd_ctrl_buf
                0x200016d4       0x40 CMakeFiles/interrupcoes.dir/C_/Users/paola/.pico-sdk/sdk/2.1.0/lib/tinyusb/src/device/usbd_control.c.obj
 .bss._usbd_dev
                0x20001714       0x54 CMakeFiles/interrupcoes.dir/C_/Users/paola/.pico-sdk/sdk/2.1.0/lib/tinyusb/src/device/usbd.c.obj
 .bss._usbd_mutex
                0x20001768        0x4 CMakeFiles/interrupcoes.dir/C_/Users/paola/.pico-sdk/sdk/2.1.0/lib/tinyusb/src/device/usbd.c.obj
 .bss._usbd_q   0x2000176c        0x4 CMakeFiles/interrupcoes.dir/C_/Users/paola/.pico-sdk/sdk/2.1.0/lib/tinyusb/src/device/usbd.c.obj
 .bss._usbd_qdef_buf
                0x20001770       0xc0 CMakeFiles/interrupcoes.dir/C_/Users/paola/.pico-sdk/sdk/2.1.0/lib/tinyusb/src/device/usbd.c.obj
                0x20001770                _usbd_qdef_buf
 .bss._used_instruction_space
                0x20001830        0x8 CMakeFiles/interrupcoes.dir/C_/Users/paola/.pico-sdk/sdk/2.1.0/src/rp2_common/hardware_pio/pio.c.obj
 .bss._vendord_itf
                0x20001838      0x2cc CMakeFiles/interrupcoes.dir/C_/Users/paola/.pico-sdk/sdk/2.1.0/lib/tinyusb/src/class/vendor/vendor_device.c.obj
 .bss.boot2_copyout
                0x20001b04      0x100 CMakeFiles/interrupcoes.dir/C_/Users/paola/.pico-sdk/sdk/2.1.0/src/rp2_common/hardware_flash/flash.c.obj
 .bss.callbacks
                0x20001c04        0x8 CMakeFiles/interrupcoes.dir/C_/Users/paola/.pico-sdk/sdk/2.1.0/src/rp2_common/hardware_gpio/gpio.c.obj
 .bss.chars_available_callback
                0x20001c0c        0x4 CMakeFiles/interrupcoes.dir/C_/Users/paola/.pico-sdk/sdk/2.1.0/src/rp2_common/pico_stdio_usb/stdio_usb.c.obj
 .bss.chars_available_param
                0x20001c10        0x4 CMakeFiles/interrupcoes.dir/C_/Users/paola/.pico-sdk/sdk/2.1.0/src/rp2_common/pico_stdio_usb/stdio_usb.c.obj
 .bss.claimed   0x20001c14        0x4 CMakeFiles/interrupcoes.dir/C_/Users/paola/.pico-sdk/sdk/2.1.0/src/rp2_common/hardware_sync/sync.c.obj
 .bss.claimed   0x20001c18        0x1 CMakeFiles/interrupcoes.dir/C_/Users/paola/.pico-sdk/sdk/2.1.0/src/rp2_common/hardware_timer/timer.c.obj
 *fill*         0x20001c19        0x3 
 .bss.configured_freq
                0x20001c1c       0x28 CMakeFiles/interrupcoes.dir/C_/Users/paola/.pico-sdk/sdk/2.1.0/src/rp2_common/hardware_clocks/clocks.c.obj
 .bss.desc_str.0
                0x20001c44       0x28 CMakeFiles/interrupcoes.dir/C_/Users/paola/.pico-sdk/sdk/2.1.0/src/rp2_common/pico_stdio_usb/stdio_usb_descriptors.c.obj
 .bss.drivers   0x20001c6c        0x4 CMakeFiles/interrupcoes.dir/C_/Users/paola/.pico-sdk/sdk/2.1.0/src/rp2_common/pico_stdio/stdio.c.obj
 .bss.e15_last_sof
                0x20001c70        0x4 CMakeFiles/interrupcoes.dir/C_/Users/paola/.pico-sdk/sdk/2.1.0/lib/tinyusb/src/portable/raspberrypi/rp2040/rp2040_usb.c.obj
                0x20001c70                e15_last_sof
 .bss.filter    0x20001c74        0x4 CMakeFiles/interrupcoes.dir/C_/Users/paola/.pico-sdk/sdk/2.1.0/src/rp2_common/pico_stdio/stdio.c.obj
 .bss.hw_endpoints
                0x20001c78      0x400 CMakeFiles/interrupcoes.dir/C_/Users/paola/.pico-sdk/sdk/2.1.0/lib/tinyusb/src/portable/raspberrypi/rp2040/dcd_rp2040.c.obj
 .bss.lazy_vsnprintf
                0x20002078        0x4 CMakeFiles/interrupcoes.dir/C_/Users/paola/.pico-sdk/sdk/2.1.0/src/rp2_common/pico_printf/printf.c.obj
 .bss.led_buffer
                0x2000207c       0x19 CMakeFiles/interrupcoes.dir/interrupcoes.c.obj
                0x2000207c                led_buffer
 *fill*         0x20002095        0x3 
 .bss.load_value
                0x20002098        0x4 CMakeFiles/interrupcoes.dir/C_/Users/paola/.pico-sdk/sdk/2.1.0/src/rp2_common/hardware_watchdog/watchdog.c.obj
 .bss.next_buffer_ptr
                0x2000209c        0x4 CMakeFiles/interrupcoes.dir/C_/Users/paola/.pico-sdk/sdk/2.1.0/lib/tinyusb/src/portable/raspberrypi/rp2040/dcd_rp2040.c.obj
 .bss.numero    0x200020a0        0x4 CMakeFiles/interrupcoes.dir/interrupcoes.c.obj
                0x200020a0                numero
 .bss.object.0  0x200020a4       0x18 C:/Users/paola/.pico-sdk/toolchain/13_3_Rel1/bin/../lib/gcc/arm-none-eabi/13.3.1/thumb/v6-m/nofp/crtbegin.o
 .bss.one_shot_timer_crit_sec
                0x200020bc        0x8 CMakeFiles/interrupcoes.dir/C_/Users/paola/.pico-sdk/sdk/2.1.0/src/rp2_common/pico_stdio_usb/stdio_usb.c.obj
 .bss.pools     0x200020c4       0x10 CMakeFiles/interrupcoes.dir/C_/Users/paola/.pico-sdk/sdk/2.1.0/src/common/pico_time/time.c.obj
 .bss.raw_irq_mask
                0x200020d4        0x8 CMakeFiles/interrupcoes.dir/C_/Users/paola/.pico-sdk/sdk/2.1.0/src/rp2_common/hardware_gpio/gpio.c.obj
 .bss.retrieved_id
                0x200020dc        0x8 CMakeFiles/interrupcoes.dir/C_/Users/paola/.pico-sdk/sdk/2.1.0/src/rp2_common/pico_unique_id/unique_id.c.obj
 .bss.sf_clz_func
                0x200020e4        0x4 CMakeFiles/interrupcoes.dir/C_/Users/paola/.pico-sdk/sdk/2.1.0/src/rp2_common/pico_double/double_init_rom_rp2040.c.obj
                0x200020e4                sf_clz_func
 .bss.sf_table  0x200020e8      0x100 CMakeFiles/interrupcoes.dir/C_/Users/paola/.pico-sdk/sdk/2.1.0/src/rp2_common/pico_float/float_init_rom_rp2040.c.obj
                0x200020e8                sf_table
 .bss.sleep_notifier
                0x200021e8        0x4 CMakeFiles/interrupcoes.dir/C_/Users/paola/.pico-sdk/sdk/2.1.0/src/common/pico_time/time.c.obj
 .bss.stdio_usb_mutex
                0x200021ec        0x8 CMakeFiles/interrupcoes.dir/C_/Users/paola/.pico-sdk/sdk/2.1.0/src/rp2_common/pico_stdio_usb/stdio_usb.c.obj
 .bss.ultimo_tempo_A
                0x200021f4        0x4 CMakeFiles/interrupcoes.dir/interrupcoes.c.obj
                0x200021f4                ultimo_tempo_A
 .bss.ultimo_tempo_B
                0x200021f8        0x4 CMakeFiles/interrupcoes.dir/interrupcoes.c.obj
                0x200021f8                ultimo_tempo_B
 .bss.ultimo_tempo_Joy
                0x200021fc        0x4 CMakeFiles/interrupcoes.dir/interrupcoes.c.obj
                0x200021fc                ultimo_tempo_Joy
 .bss.usbd_serial_str
                0x20002200       0x11 CMakeFiles/interrupcoes.dir/C_/Users/paola/.pico-sdk/sdk/2.1.0/src/rp2_common/pico_stdio_usb/stdio_usb_descriptors.c.obj
 .bss._app_driver_count
                0x20002211        0x1 CMakeFiles/interrupcoes.dir/C_/Users/paola/.pico-sdk/sdk/2.1.0/lib/tinyusb/src/device/usbd.c.obj
 .bss._sof_enable
                0x20002212        0x1 CMakeFiles/interrupcoes.dir/C_/Users/paola/.pico-sdk/sdk/2.1.0/lib/tinyusb/src/portable/raspberrypi/rp2040/dcd_rp2040.c.obj
 .bss._usbd_queued_setup
                0x20002213        0x1 CMakeFiles/interrupcoes.dir/C_/Users/paola/.pico-sdk/sdk/2.1.0/lib/tinyusb/src/device/usbd.c.obj
 .bss.boot2_copyout_valid
                0x20002214        0x1 CMakeFiles/interrupcoes.dir/C_/Users/paola/.pico-sdk/sdk/2.1.0/src/rp2_common/hardware_flash/flash.c.obj
 .bss.irq_handler_chain_free_slot_head
                0x20002215        0x1 CMakeFiles/interrupcoes.dir/C_/Users/paola/.pico-sdk/sdk/2.1.0/src/rp2_common/hardware_irq/irq.c.obj
 .bss.itf_num   0x20002216        0x1 CMakeFiles/interrupcoes.dir/C_/Users/paola/.pico-sdk/sdk/2.1.0/src/rp2_common/pico_stdio_usb/reset_interface.c.obj
 .bss.low_priority_irq_num
                0x20002217        0x1 CMakeFiles/interrupcoes.dir/C_/Users/paola/.pico-sdk/sdk/2.1.0/src/rp2_common/pico_stdio_usb/stdio_usb.c.obj
 .bss.one_shot_timer_pending
                0x20002218        0x1 CMakeFiles/interrupcoes.dir/C_/Users/paola/.pico-sdk/sdk/2.1.0/src/rp2_common/pico_stdio_usb/stdio_usb.c.obj
 .bss.user_irq_claimed
                0x20002219        0x1 CMakeFiles/interrupcoes.dir/C_/Users/paola/.pico-sdk/sdk/2.1.0/src/rp2_common/hardware_irq/irq.c.obj
 *(COMMON)
                0x2000221c                        . = ALIGN (0x4)
 *fill*         0x2000221a        0x2 
                0x2000221c                        __bss_end__ = .

.heap           0x2000221c      0x800 load address 0x10006a74
                0x2000221c                        __end__ = .
                0x2000221c                        end = __end__
 *(.heap*)
 .heap          0x2000221c      0x800 CMakeFiles/interrupcoes.dir/C_/Users/paola/.pico-sdk/sdk/2.1.0/src/rp2_common/pico_crt0/crt0.S.obj
                0x20040000                        __HeapLimit = (ORIGIN (RAM) + LENGTH (RAM))

.scratch_x      0x20040000        0x0 load address 0x10006a74
                0x20040000                        __scratch_x_start__ = .
 *(.scratch_x.*)
                0x20040000                        . = ALIGN (0x4)
                0x20040000                        __scratch_x_end__ = .
                0x10006a74                        __scratch_x_source__ = LOADADDR (.scratch_x)

.scratch_y      0x20041000        0x0 load address 0x10006a74
                0x20041000                        __scratch_y_start__ = .
 *(.scratch_y.*)
                0x20041000                        . = ALIGN (0x4)
                0x20041000                        __scratch_y_end__ = .
                0x10006a74                        __scratch_y_source__ = LOADADDR (.scratch_y)

.stack1_dummy
 *(.stack1*)

.stack_dummy    0x20041000      0x800
 *(.stack*)
 .stack         0x20041000      0x800 CMakeFiles/interrupcoes.dir/C_/Users/paola/.pico-sdk/sdk/2.1.0/src/rp2_common/pico_crt0/crt0.S.obj

.flash_end      0x10006a74        0x0
 *(.embedded_end_block*)
                0x10006a74                        PROVIDE (__flash_binary_end = .)
                0x20040000                        __StackLimit = (ORIGIN (RAM) + LENGTH (RAM))
                0x20041000                        __StackOneTop = (ORIGIN (SCRATCH_X) + LENGTH (SCRATCH_X))
                0x20042000                        __StackTop = (ORIGIN (SCRATCH_Y) + LENGTH (SCRATCH_Y))
                0x20041000                        __StackOneBottom = (__StackOneTop - SIZEOF (.stack1_dummy))
                0x20041800                        __StackBottom = (__StackTop - SIZEOF (.stack_dummy))
                0x20042000                        PROVIDE (__stack = __StackTop)
                [!provide]                        PROVIDE (__heap_start = __end__)
                [!provide]                        PROVIDE (__heap_end = __HeapLimit)
                [!provide]                        PROVIDE (__tls_align = MAX (ALIGNOF (.tdata), ALIGNOF (.tbss)))
                [!provide]                        PROVIDE (__tls_size_align = (((__tls_size + __tls_align) - 0x1) & ~ ((__tls_align - 0x1))))
                [!provide]                        PROVIDE (__arm32_tls_tcb_offset = MAX (0x8, __tls_align))
                [!provide]                        PROVIDE (_end = __end__)
                [!provide]                        PROVIDE (__llvm_libc_heap_limit = __HeapLimit)
                0x00000001                        ASSERT ((__StackLimit >= __HeapLimit), region RAM overflowed)
                0x00000001                        ASSERT (((__binary_info_header_end - __logical_binary_start) <= 0x100), Binary info must be in first 256 bytes of the binary)
LOAD CMakeFiles/interrupcoes.dir/interrupcoes.c.obj
LOAD CMakeFiles/interrupcoes.dir/C_/Users/paola/.pico-sdk/sdk/2.1.0/src/rp2_common/pico_stdlib/stdlib.c.obj
LOAD CMakeFiles/interrupcoes.dir/C_/Users/paola/.pico-sdk/sdk/2.1.0/src/rp2_common/hardware_gpio/gpio.c.obj
LOAD CMakeFiles/interrupcoes.dir/C_/Users/paola/.pico-sdk/sdk/2.1.0/src/rp2040/pico_platform/platform.c.obj
LOAD CMakeFiles/interrupcoes.dir/C_/Users/paola/.pico-sdk/sdk/2.1.0/src/rp2_common/pico_platform_panic/panic.c.obj
LOAD CMakeFiles/interrupcoes.dir/C_/Users/paola/.pico-sdk/sdk/2.1.0/src/common/hardware_claim/claim.c.obj
LOAD CMakeFiles/interrupcoes.dir/C_/Users/paola/.pico-sdk/sdk/2.1.0/src/rp2_common/hardware_sync/sync.c.obj
LOAD CMakeFiles/interrupcoes.dir/C_/Users/paola/.pico-sdk/sdk/2.1.0/src/rp2_common/hardware_sync_spin_lock/sync_spin_lock.c.obj
LOAD CMakeFiles/interrupcoes.dir/C_/Users/paola/.pico-sdk/sdk/2.1.0/src/rp2_common/hardware_irq/irq.c.obj
LOAD CMakeFiles/interrupcoes.dir/C_/Users/paola/.pico-sdk/sdk/2.1.0/src/rp2_common/hardware_irq/irq_handler_chain.S.obj
LOAD CMakeFiles/interrupcoes.dir/C_/Users/paola/.pico-sdk/sdk/2.1.0/src/common/pico_sync/sem.c.obj
LOAD CMakeFiles/interrupcoes.dir/C_/Users/paola/.pico-sdk/sdk/2.1.0/src/common/pico_sync/lock_core.c.obj
LOAD CMakeFiles/interrupcoes.dir/C_/Users/paola/.pico-sdk/sdk/2.1.0/src/common/pico_sync/mutex.c.obj
LOAD CMakeFiles/interrupcoes.dir/C_/Users/paola/.pico-sdk/sdk/2.1.0/src/common/pico_sync/critical_section.c.obj
LOAD CMakeFiles/interrupcoes.dir/C_/Users/paola/.pico-sdk/sdk/2.1.0/src/common/pico_time/time.c.obj
LOAD CMakeFiles/interrupcoes.dir/C_/Users/paola/.pico-sdk/sdk/2.1.0/src/common/pico_time/timeout_helper.c.obj
LOAD CMakeFiles/interrupcoes.dir/C_/Users/paola/.pico-sdk/sdk/2.1.0/src/rp2_common/hardware_timer/timer.c.obj
LOAD CMakeFiles/interrupcoes.dir/C_/Users/paola/.pico-sdk/sdk/2.1.0/src/common/pico_util/datetime.c.obj
LOAD CMakeFiles/interrupcoes.dir/C_/Users/paola/.pico-sdk/sdk/2.1.0/src/common/pico_util/pheap.c.obj
LOAD CMakeFiles/interrupcoes.dir/C_/Users/paola/.pico-sdk/sdk/2.1.0/src/common/pico_util/queue.c.obj
LOAD CMakeFiles/interrupcoes.dir/C_/Users/paola/.pico-sdk/sdk/2.1.0/src/rp2_common/hardware_uart/uart.c.obj
LOAD CMakeFiles/interrupcoes.dir/C_/Users/paola/.pico-sdk/sdk/2.1.0/src/rp2_common/hardware_clocks/clocks.c.obj
LOAD CMakeFiles/interrupcoes.dir/C_/Users/paola/.pico-sdk/sdk/2.1.0/src/rp2_common/hardware_pll/pll.c.obj
LOAD CMakeFiles/interrupcoes.dir/C_/Users/paola/.pico-sdk/sdk/2.1.0/src/rp2_common/hardware_vreg/vreg.c.obj
LOAD CMakeFiles/interrupcoes.dir/C_/Users/paola/.pico-sdk/sdk/2.1.0/src/rp2_common/hardware_watchdog/watchdog.c.obj
LOAD CMakeFiles/interrupcoes.dir/C_/Users/paola/.pico-sdk/sdk/2.1.0/src/rp2_common/hardware_ticks/ticks.c.obj
LOAD CMakeFiles/interrupcoes.dir/C_/Users/paola/.pico-sdk/sdk/2.1.0/src/rp2_common/pico_bootrom/bootrom.c.obj
LOAD CMakeFiles/interrupcoes.dir/C_/Users/paola/.pico-sdk/sdk/2.1.0/src/rp2_common/pico_bootrom/bootrom_lock.c.obj
LOAD CMakeFiles/interrupcoes.dir/C_/Users/paola/.pico-sdk/sdk/2.1.0/src/rp2_common/hardware_boot_lock/boot_lock.c.obj
LOAD CMakeFiles/interrupcoes.dir/C_/Users/paola/.pico-sdk/sdk/2.1.0/src/rp2_common/pico_flash/flash.c.obj
LOAD CMakeFiles/interrupcoes.dir/C_/Users/paola/.pico-sdk/sdk/2.1.0/src/rp2_common/hardware_xosc/xosc.c.obj
LOAD CMakeFiles/interrupcoes.dir/C_/Users/paola/.pico-sdk/sdk/2.1.0/src/rp2_common/hardware_divider/divider.S.obj
LOAD CMakeFiles/interrupcoes.dir/C_/Users/paola/.pico-sdk/sdk/2.1.0/src/rp2_common/pico_runtime/runtime.c.obj
LOAD CMakeFiles/interrupcoes.dir/C_/Users/paola/.pico-sdk/sdk/2.1.0/src/rp2_common/pico_runtime_init/runtime_init.c.obj
LOAD CMakeFiles/interrupcoes.dir/C_/Users/paola/.pico-sdk/sdk/2.1.0/src/rp2_common/pico_runtime_init/runtime_init_clocks.c.obj
LOAD CMakeFiles/interrupcoes.dir/C_/Users/paola/.pico-sdk/sdk/2.1.0/src/rp2_common/pico_runtime_init/runtime_init_stack_guard.c.obj
LOAD CMakeFiles/interrupcoes.dir/C_/Users/paola/.pico-sdk/sdk/2.1.0/src/rp2_common/pico_bit_ops/bit_ops_aeabi.S.obj
LOAD CMakeFiles/interrupcoes.dir/C_/Users/paola/.pico-sdk/sdk/2.1.0/src/rp2_common/pico_divider/divider_hardware.S.obj
LOAD CMakeFiles/interrupcoes.dir/C_/Users/paola/.pico-sdk/sdk/2.1.0/src/rp2_common/pico_double/double_aeabi_rp2040.S.obj
LOAD CMakeFiles/interrupcoes.dir/C_/Users/paola/.pico-sdk/sdk/2.1.0/src/rp2_common/pico_double/double_init_rom_rp2040.c.obj
LOAD CMakeFiles/interrupcoes.dir/C_/Users/paola/.pico-sdk/sdk/2.1.0/src/rp2_common/pico_double/double_math.c.obj
LOAD CMakeFiles/interrupcoes.dir/C_/Users/paola/.pico-sdk/sdk/2.1.0/src/rp2_common/pico_double/double_v1_rom_shim_rp2040.S.obj
LOAD CMakeFiles/interrupcoes.dir/C_/Users/paola/.pico-sdk/sdk/2.1.0/src/rp2_common/pico_int64_ops/pico_int64_ops_aeabi.S.obj
LOAD CMakeFiles/interrupcoes.dir/C_/Users/paola/.pico-sdk/sdk/2.1.0/src/rp2_common/pico_float/float_aeabi_rp2040.S.obj
LOAD CMakeFiles/interrupcoes.dir/C_/Users/paola/.pico-sdk/sdk/2.1.0/src/rp2_common/pico_float/float_init_rom_rp2040.c.obj
LOAD CMakeFiles/interrupcoes.dir/C_/Users/paola/.pico-sdk/sdk/2.1.0/src/rp2_common/pico_float/float_math.c.obj
LOAD CMakeFiles/interrupcoes.dir/C_/Users/paola/.pico-sdk/sdk/2.1.0/src/rp2_common/pico_float/float_v1_rom_shim_rp2040.S.obj
LOAD CMakeFiles/interrupcoes.dir/C_/Users/paola/.pico-sdk/sdk/2.1.0/src/rp2_common/pico_malloc/malloc.c.obj
LOAD CMakeFiles/interrupcoes.dir/C_/Users/paola/.pico-sdk/sdk/2.1.0/src/rp2_common/pico_mem_ops/mem_ops_aeabi.S.obj
LOAD CMakeFiles/interrupcoes.dir/C_/Users/paola/.pico-sdk/sdk/2.1.0/src/rp2_common/pico_atomic/atomic.c.obj
LOAD CMakeFiles/interrupcoes.dir/C_/Users/paola/.pico-sdk/sdk/2.1.0/src/rp2_common/pico_cxx_options/new_delete.cpp.obj
LOAD CMakeFiles/interrupcoes.dir/C_/Users/paola/.pico-sdk/sdk/2.1.0/src/rp2_common/pico_standard_binary_info/standard_binary_info.c.obj
LOAD CMakeFiles/interrupcoes.dir/C_/Users/paola/.pico-sdk/sdk/2.1.0/src/rp2_common/pico_printf/printf.c.obj
LOAD CMakeFiles/interrupcoes.dir/C_/Users/paola/.pico-sdk/sdk/2.1.0/src/rp2_common/pico_crt0/crt0.S.obj
LOAD CMakeFiles/interrupcoes.dir/C_/Users/paola/.pico-sdk/sdk/2.1.0/src/rp2_common/pico_clib_interface/newlib_interface.c.obj
LOAD CMakeFiles/interrupcoes.dir/C_/Users/paola/.pico-sdk/sdk/2.1.0/src/rp2_common/pico_stdio/stdio.c.obj
LOAD CMakeFiles/interrupcoes.dir/C_/Users/paola/.pico-sdk/sdk/2.1.0/src/rp2_common/pico_stdio_usb/reset_interface.c.obj
LOAD CMakeFiles/interrupcoes.dir/C_/Users/paola/.pico-sdk/sdk/2.1.0/src/rp2_common/pico_stdio_usb/stdio_usb.c.obj
LOAD CMakeFiles/interrupcoes.dir/C_/Users/paola/.pico-sdk/sdk/2.1.0/src/rp2_common/pico_stdio_usb/stdio_usb_descriptors.c.obj
LOAD CMakeFiles/interrupcoes.dir/C_/Users/paola/.pico-sdk/sdk/2.1.0/src/rp2_common/pico_unique_id/unique_id.c.obj